Component: ARM Compiler 5.06 update 6 (build 750) Tool: armlink [4d35ed]

==============================================================================

Section Cross References

    main.o(i.Hard_Init) refers to stm32f4xx_hal.o(i.HAL_Init) for HAL_Init
    main.o(i.Hard_Init) refers to sys.o(i.Stm32_Clock_Init) for Stm32_Clock_Init
    main.o(i.Hard_Init) refers to delay.o(i.delay_init) for delay_init
    main.o(i.Hard_Init) refers to led.o(i.LED_Init) for LED_Init
    main.o(i.Hard_Init) refers to key.o(i.KEY_Init) for KEY_Init
    main.o(i.Hard_Init) refers to bee.o(i.BEE_Init) for BEE_Init
    main.o(i.Hard_Init) refers to oled.o(i.OLED_Init) for OLED_Init
    main.o(i.Hard_Init) refers to bh1750.o(i.BH1750_Init) for BH1750_Init
    main.o(i.Hard_Init) refers to ds18b20.o(i.DS18B20_Init) for DS18B20_Init
    main.o(i.Hard_Init) refers to ultrasonic.o(i.Ultrasonic_Init) for Ultrasonic_Init
    main.o(i.main) refers to main.o(i.Hard_Init) for Hard_Init
    main.o(i.main) refers to oled.o(i.OLED_Clear) for OLED_Clear
    main.o(i.main) refers to mygui_func.o(i.Task_Init) for Task_Init
    main.o(i.main) refers to mygui.o(i.GUI_Refresh) for GUI_Refresh
    main.o(i.oled_show) refers to ec11.o(i.EC11_DeInit) for EC11_DeInit
    main.o(i.oled_show) refers to oled.o(i.OLED_Clear) for OLED_Clear
    main.o(i.oled_show) refers to oled.o(i.OLED_Show_Str) for OLED_Show_Str
    main.o(i.oled_show) refers to oled.o(i.OLED_ShowInt32Num) for OLED_ShowInt32Num
    main.o(i.oled_show) refers to main.o(.data) for mode_show
    main.o(i.run) refers to _printf_percent.o(.ARM.Collect$$_printf_percent$$00000000) for _printf_percent
    main.o(i.run) refers to _printf_d.o(.ARM.Collect$$_printf_percent$$00000009) for _printf_d
    main.o(i.run) refers to _printf_dec.o(.text) for _printf_int_dec
    main.o(i.run) refers to _printf_f.o(.ARM.Collect$$_printf_percent$$00000003) for _printf_f
    main.o(i.run) refers to printf1.o(x$fpl$printf1) for _printf_fp_dec
    main.o(i.run) refers to delay.o(i.delay_ms) for delay_ms
    main.o(i.run) refers to rgb.o(i.RGB_Init) for RGB_Init
    main.o(i.run) refers to rgb.o(i.RGB) for RGB
    main.o(i.run) refers to rgb.o(i.RGB_DeInit) for RGB_DeInit
    main.o(i.run) refers to bh1750.o(i.Get_Bh_Value) for Get_Bh_Value
    main.o(i.run) refers to noretval__2sprintf.o(.text) for __2sprintf
    main.o(i.run) refers to oled.o(i.OLED_Show_Str) for OLED_Show_Str
    main.o(i.run) refers to ds18b20.o(i.DS18B20_Get_Temp) for DS18B20_Get_Temp
    main.o(i.run) refers to f2d.o(x$fpl$f2d) for __aeabi_f2d
    main.o(i.run) refers to ultrasonic.o(i.Ultrasonic_Distance) for Ultrasonic_Distance
    main.o(i.run) refers to uart.o(i.UART2_Init) for UART2_Init
    main.o(i.run) refers to uart.o(i.XiaoChuang_ASR) for XiaoChuang_ASR
    main.o(i.run) refers to uart.o(i.UART2_DeInit) for UART2_DeInit
    main.o(i.run) refers to smg.o(i.SMG_Init) for SMG_Init
    main.o(i.run) refers to smg.o(i.SMG_Display) for SMG_Display
    main.o(i.run) refers to ec11.o(i.EC11_Init) for EC11_Init
    main.o(i.run) refers to main.o(.data) for mode_show
    main.o(i.run) refers to mygui_func.o(.bss) for oledbuf
    stm32f4xx_it.o(i.SysTick_Handler) refers to stm32f4xx_hal.o(i.HAL_IncTick) for HAL_IncTick
    system_stm32f4xx.o(i.SystemCoreClockUpdate) refers to system_stm32f4xx.o(.data) for SystemCoreClock
    system_stm32f4xx.o(i.SystemCoreClockUpdate) refers to system_stm32f4xx.o(.constdata) for AHBPrescTable
    mygui.o(i.GUI_MenuPoint) refers to oled.o(i.OLED_Show_Str) for OLED_Show_Str
    mygui.o(i.GUI_Refresh) refers to key.o(i.KEY_Scan) for KEY_Scan
    mygui.o(i.GUI_Refresh) refers to oled.o(i.OLED_Clear) for OLED_Clear
    mygui.o(i.GUI_Refresh) refers to mygui.o(.data) for func_index
    mygui.o(i.Main_Menu_Func) refers to oled.o(i.OLED_Clear) for OLED_Clear
    mygui.o(i.Main_Menu_Func) refers to oled.o(i.OLED_Show_Str) for OLED_Show_Str
    mygui.o(i.Main_Menu_Func) refers to mygui.o(i.GUI_MenuPoint) for GUI_MenuPoint
    mygui.o(i.Main_Menu_Func) refers to mygui.o(.data) for MenuName
    mygui.o(i.TIM5_IRQHandler) refers to stm32f4xx_hal_tim.o(i.HAL_TIM_IRQHandler) for HAL_TIM_IRQHandler
    mygui.o(i.TIM5_IRQHandler) refers to rgb.o(i.RGB) for RGB
    mygui.o(i.TIM5_IRQHandler) refers to time.o(i.TIM5_DeInit) for TIM5_DeInit
    mygui.o(i.TIM5_IRQHandler) refers to smg.o(i.SMG_Display) for SMG_Display
    mygui.o(i.TIM5_IRQHandler) refers to smg.o(i.SMG_DeInit) for SMG_DeInit
    mygui.o(i.TIM5_IRQHandler) refers to rtc.o(i.RTC_Get_Time) for RTC_Get_Time
    mygui.o(i.TIM5_IRQHandler) refers to ds18b20.o(i.DS18B20_Get_Temp) for DS18B20_Get_Temp
    mygui.o(i.TIM5_IRQHandler) refers to bh1750.o(i.Get_Bh_Value) for Get_Bh_Value
    mygui.o(i.TIM5_IRQHandler) refers to rgb.o(i.RGB_Set) for RGB_Set
    mygui.o(i.TIM5_IRQHandler) refers to mygui_func.o(i.Task_speechRecognition) for Task_speechRecognition
    mygui.o(i.TIM5_IRQHandler) refers to time.o(.bss) for TIM5_Handler
[...]
    __fplib_config_pureend_doubles           0x080111f3   Thumb Code     0  fpinit.o(x$fpl$fpinit)
    __fpl_fretinf                            0x080111f5   Thumb Code    10  fretinf.o(x$fpl$fretinf)
    _printf_fp_dec                           0x080111ff   Thumb Code     4  printf1.o(x$fpl$printf1)
    __fpl_return_NaN                         0x08011203   Thumb Code   100  retnan.o(x$fpl$retnan)
    __ARM_scalbn                             0x08011267   Thumb Code    92  scalbn.o(x$fpl$scalbn)
    __fpl_cmpreturn                          0x080112c3   Thumb Code    48  trapv.o(x$fpl$trapveneer)
    AHBPrescTable                            0x080112f2   Data          16  system_stm32f4xx.o(.constdata)
    __I$use$fp                               0x080112f2   Number         0  usenofp.o(x$fpl$usenofp)
    APBPrescTable                            0x08011302   Data           8  system_stm32f4xx.o(.constdata)
    asc2_1608                                0x08011312   Data        1520  oled.o(.constdata)
    tfont16                                  0x08011902   Data        5032  oled.o(.constdata)
    tfont32                                  0x08012caa   Data        1950  oled.o(.constdata)
    reg                                      0x08013448   Data          27  inv_mpu.o(.constdata)
    hw                                       0x08013464   Data          12  inv_mpu.o(.constdata)
    test                                     0x08013470   Data          40  inv_mpu.o(.constdata)
    __mathlib_zero                           0x08014228   Data           8  qnan.o(.constdata)
    Region$$Table$$Base                      0x0801440c   Number         0  anon$$obj.o(Region$$Table)
    Region$$Table$$Limit                     0x0801442c   Number         0  anon$$obj.o(Region$$Table)
    __ctype                                  0x08014455   Data           0  lc_ctype_c.o(locale$$data)
    SystemCoreClock                          0x20000000   Data           4  system_stm32f4xx.o(.data)
    ds18b20                                  0x20000004   Data           4  mygui.o(.data)
    ultrasionic                              0x20000008   Data           4  mygui.o(.data)
    bh1750                                   0x2000000c   Data           2  mygui.o(.data)
    rtc_hour                                 0x2000000e   Data           1  mygui.o(.data)
    rtc_min                                  0x2000000f   Data           1  mygui.o(.data)
    rtc_sec                                  0x20000010   Data           1  mygui.o(.data)
    rtc_ampm                                 0x20000011   Data           1  mygui.o(.data)
    table                                    0x20000018   Data         876  mygui.o(.data)
    TIM5COUNT                                0x20000384   Data           4  mygui.o(.data)
    oledWavebuf_len                          0x20000438   Data           4  mygui_func.o(.data)
    Buf_VPP_Voltage                          0x2000043c   Data           4  mygui_func.o(.data)
    Buf_Period                               0x20000440   Data           2  mygui_func.o(.data)
    Buf_Duty_Cycle                           0x20000442   Data           2  mygui_func.o(.data)
    Buf_frequency                            0x20000444   Data           4  mygui_func.o(.data)
    data_temp                                0x20000448   Data           2  mygui_func.o(.data)
    data_humi                                0x2000044a   Data           2  mygui_func.o(.data)
    Buf_DAC_frequency                        0x2000044c   Data           2  mygui_func.o(.data)
    Buf_DAC_wavetype                         0x2000044e   Data           2  mygui_func.o(.data)
    Buf_DAC_open                             0x20000450   Data           2  mygui_func.o(.data)
    Buf_ADC_CHANNEL                          0x20000452   Data           2  mygui_func.o(.data)
    bmp                                      0x20000454   Data        1024  mygui_func.o(.data)
    rondom                                   0x20000854   Data           4  mygui_func.o(.data)
    YY                                       0x20000858   Data           1  mygui_func.o(.data)
    mpu_aacx                                 0x2000085a   Data           2  mygui_func.o(.data)
    mpu_aacy                                 0x2000085c   Data           2  mygui_func.o(.data)
    mpu_aacz                                 0x2000085e   Data           2  mygui_func.o(.data)
    adxl345_aacx                             0x20000860   Data           2  mygui_func.o(.data)
    adxl345_aacy                             0x20000862   Data           2  mygui_func.o(.data)
    adxl345_aacz                             0x20000864   Data           2  mygui_func.o(.data)
    hour                                     0x20000866   Data           1  mygui_func.o(.data)
    min                                      0x20000867   Data           1  mygui_func.o(.data)
    sec                                      0x20000868   Data           1  mygui_func.o(.data)
    ampm                                     0x20000869   Data           1  mygui_func.o(.data)
    year                                     0x2000086a   Data           1  mygui_func.o(.data)
    month                                    0x2000086b   Data           1  mygui_func.o(.data)
    date                                     0x2000086c   Data           1  mygui_func.o(.data)
    week                                     0x2000086d   Data           1  mygui_func.o(.data)
    buf_S                                    0x20000870   Data           4  mygui_func.o(.data)
    buf_K                                    0x20000874   Data           4  mygui_func.o(.data)
    Task_813_FuncStatus                      0x20000878   Data           1  mygui_func.o(.data)
    RFIDKEY                                  0x20000879   Data           6  mygui_func.o(.data)
    RFIDDATA                                 0x20000880   Data           4  mygui_func.o(.data)
    uwTick                                   0x20000884   Data           4  stm32f4xx_hal.o(.data)
    uwTickPrio                               0x20000888   Data           4  stm32f4xx_hal.o(.data)
    uwTickFreq                               0x2000088c   Data           1  stm32f4xx_hal.o(.data)
    RGB_COLOR_RED                            0x2000088d   Data           3  rgb.o(.data)
    RGB_COLOR_GREEN                          0x20000890   Data           3  rgb.o(.data)
    RGB_COLOR_BLUE                           0x20000893   Data           3  rgb.o(.data)
    RGB_COLOR_YELLOW                         0x20000896   Data           3  rgb.o(.data)
    RGB_COLOR_SORT                           0x20000899   Data           3  rgb.o(.data)
    RGB_COLOR_SYAN                           0x2000089c   Data           3  rgb.o(.data)
    RGB_COLOR_WHITE                          0x2000089f   Data           3  rgb.o(.data)
    RGB_COLOR_BLACK                          0x200008a2   Data           3  rgb.o(.data)
    RGB_Colour                               0x200008a5   Data           3  rgb.o(.data)
    TIM3_Count                               0x200008a8   Data           1  rgb.o(.data)
    SMG_MODE                                 0x200008aa   Data           1  smg.o(.data)
    SMG_Data                                 0x200008ac   Data           2  smg.o(.data)
    SMG_DataARR                              0x200008ae   Data           8  smg.o(.data)
    SMGSWAP                                  0x200008b6   Data           1  smg.o(.data)
    SEG_Table                                0x200008b7   Data          17  smg.o(.data)
    TIM4_Count                               0x200008c8   Data           1  smg.o(.data)
    BUF                                      0x200008ca   Data           4  bh1750.o(.data)
    illumination_data                        0x200008ce   Data           2  bh1750.o(.data)
    Ultrasonic_Value                         0x200008d0   Data           4  ultrasonic.o(.data)
    dis                                      0x200008d4   Data           4  ultrasonic.o(.data)
    Ultrasonic_Num                           0x200008d8   Data           4  ultrasonic.o(.data)
    Distance_Temp                            0x200008dc   Data           2  ultrasonic.o(.data)
    Distance                                 0x200008de   Data           2  ultrasonic.o(.data)
    LED_T                                    0x200008e0   Data           1  ultrasonic.o(.data)
    EC11_Value                               0x200008e4   Data           4  ec11.o(.data)
    __stdout                                 0x200008e8   Data           4  uart.o(.data)
    UART1_aRxBuffer                          0x200008ec   Data           1  uart.o(.data)
    UART2_aRxBuffer                          0x200008ed   Data           1  uart.o(.data)
    UART2_receiving                          0x200008ee   Data           1  uart.o(.data)
    UART2_Flag                               0x200008ef   Data           1  uart.o(.data)
    TIME12_Flag                              0x200008f0   Data           1  time.o(.data)
    HX711_Buffer                             0x200008f8   Data           4  hx711.o(.data)
    Weight_Maopi                             0x200008fc   Data           4  hx711.o(.data)
    Weight_object                            0x20000900   Data           4  hx711.o(.data)
    HX711_GapValue                           0x20000904   Data           4  hx711.o(.data)
    CT                                       0x2000093d   Data           2  rc522.o(.data)
    SN                                       0x2000093f   Data           4  rc522.o(.data)
    KEY                                      0x20000943   Data           6  rc522.o(.data)
    KEY_A                                    0x20000949   Data           6  rc522.o(.data)
    WRITE_RFID                               0x2000094f   Data          18  rc522.o(.data)
    KEY_Data                                 0x20000961   Data           6  rc522.o(.data)
    x                                        0x20000968   Data           4  hmc5883l.o(.data)
    y                                        0x2000096c   Data           4  hmc5883l.o(.data)
    z                                        0x20000970   Data           4  hmc5883l.o(.data)
    gainBit                                  0x20000974   Data           4  hmc5883l.o(.data)
    CY                                       0x20000978   Data           1  hmc5883l.o(.data)
    Task_Status                              0x2000097c   Data          66  mygui_func.o(.bss)
    oledbuf                                  0x200009be   Data         100  mygui_func.o(.bss)
    oledWavebuf                              0x20000a24   Data        1024  mygui_func.o(.bss)
    Buf_Waveform                             0x20000e24   Data        3552  mygui_func.o(.bss)
    Buf_ADCValue                             0x20001c04   Data         888  mygui_func.o(.bss)
    TIM3_Handler                             0x20001f7c   Data          64  rgb.o(.bss)
    TIM4_Handler                             0x20001fbc   Data          64  smg.o(.bss)
    TIM7_Handler                             0x20001ffc   Data          64  ultrasonic.o(.bss)
    GPIO_Initure                             0x2000203c   Data          20  ultrasonic.o(.bss)
    UART1_Handler                            0x20002050   Data          64  uart.o(.bss)
    UART2_Handler                            0x20002090   Data          64  uart.o(.bss)
    UART2_Back                               0x200020d0   Data           9  uart.o(.bss)
    Table                                    0x200020dc   Data         200  dac.o(.bss)
    DAC1_Handler                             0x200021a4   Data          20  dac.o(.bss)
    DAC1_DMA_Handler                         0x200021b8   Data          96  dma.o(.bss)
    ADC1_Handler                             0x20002218   Data          72  adc.o(.bss)
    htim8                                    0x20002260   Data          64  adc.o(.bss)
    hdma_adc1                                0x200022a0   Data          96  adc.o(.bss)
    hadc1                                    0x20002300   Data          72  adc.o(.bss)
    ADC_arr                                  0x20002348   Data          40  adc.o(.bss)
    TIM5_Handler                             0x20002370   Data          64  time.o(.bss)
    TIM2_Handler                             0x200023b0   Data          64  time.o(.bss)
    TIM12_Handler                            0x200023f0   Data          64  time.o(.bss)
    ADC2_Handler                             0x20002430   Data          72  gp2y0a21.o(.bss)
    RFID                                     0x20002488   Data          16  rc522.o(.bss)
    READ_RFID                                0x20002498   Data          18  rc522.o(.bss)
    buffer_data                              0x200024aa   Data          99  rc522.o(.bss)
    RX_RFID                                  0x2000250d   Data          16  rc522.o(.bss)
    TEMP_Data                                0x20002520   Data        3552  voltage.o(.bss)
    ADC_Fifo                                 0x20003300   Data         888  voltage.o(.bss)
    Voltage_Waveform                         0x20003678   Data        3552  voltage.o(.bss)
    Waveform                                 0x20004458   Data        1024  voltage.o(.bss)
    __libspace_start                         0x20004858   Data          96  libspace.o(.bss)
    __temporary_stack_top$libspace           0x200048b8   Data           0  libspace.o(.bss)



==============================================================================

Memory Map of the image

  Image Entry point : 0x08000189

  Load Region LR_IROM1 (Base: 0x08000000, Size: 0x00014ed4, Max: 0x00080000, ABSOLUTE, COMPRESSED[0x00014acc])

    Execution Region ER_IROM1 (Exec base: 0x08000000, Load base: 0x08000000, Size: 0x00014558, Max: 0x00080000, ABSOLUTE)

    Exec Addr    Load Addr    Size         Type   Attr      Idx    E Section Name        Object

    0x08000000   0x08000000   0x00000188   Data   RO          809    RESET               startup_stm32f407xx.o
    0x08000188   0x08000188   0x00000008   Code   RO         6957  * !!!main             c_w.l(__main.o)
    0x08000190   0x08000190   0x00000034   Code   RO         7379    !!!scatter          c_w.l(__scatter.o)
    0x080001c4   0x080001c4   0x0000005a   Code   RO         7377    !!dczerorl2         c_w.l(__dczerorl2.o)
    0x0800021e   0x0800021e   0x00000002   PAD
    0x08000220   0x08000220   0x0000001c   Code   RO         7381    !!handler_zi        c_w.l(__scatter_zi.o)
    0x0800023c   0x0800023c   0x00000000   Code   RO         6947    .ARM.Collect$$_printf_percent$$00000000  c_w.l(_printf_percent.o)
    0x0800023c   0x0800023c   0x00000006   Code   RO         6946    .ARM.Collect$$_printf_percent$$00000003  c_w.l(_printf_f.o)
    0x08000242   0x08000242   0x00000006   Code   RO         6943    .ARM.Collect$$_printf_percent$$00000008  c_w.l(_printf_i.o)
    0x08000248   0x08000248   0x00000006   Code   RO         6944    .ARM.Collect$$_printf_percent$$00000009  c_w.l(_printf_d.o)
    0x0800024e   0x0800024e   0x00000006   Code   RO         6945    .ARM.Collect$$_printf_percent$$0000000A  c_w.l(_printf_u.o)
    0x08000254   0x08000254   0x00000006   Code   RO         6942    .ARM.Collect$$_printf_percent$$0000000B  c_w.l(_printf_o.o)
    0x0800025a   0x0800025a   0x00000006   Code   RO         6941    .ARM.Collect$$_printf_percent$$0000000C  c_w.l(_printf_x.o)
    0x08000260   0x08000260   0x0000000a   Code   RO         7095    .ARM.Collect$$_printf_percent$$00000012  c_w.l(_printf_l.o)
    0x0800026a   0x0800026a   0x00000006   Code   RO         6939    .ARM.Collect$$_printf_percent$$00000013  c_w.l(_printf_c.o)
    0x08000270   0x08000270   0x00000006   Code   RO         6940    .ARM.Collect$$_printf_percent$$00000014  c_w.l(_printf_s.o)
    0x08000276   0x08000276   0x00000006   Code   RO         6948    .ARM.Collect$$_printf_percent$$00000015  c_w.l(_printf_lc.o)
    0x0800027c   0x0800027c   0x00000004   Code   RO         7094    .ARM.Collect$$_printf_percent$$00000017  c_w.l(_printf_percent_end.o)
    0x08000280   0x08000280   0x00000002   Code   RO         7250    .ARM.Collect$$libinit$$00000000  c_w.l(libinit.o)
    0x08000282   0x08000282   0x00000004   Code   RO         7251    .ARM.Collect$$libinit$$00000001  c_w.l(libinit2.o)
    0x08000286   0x08000286   0x00000000   Code   RO         7254    .ARM.Collect$$libinit$$00000004  c_w.l(libinit2.o)
    0x08000286   0x08000286   0x00000000   Code   RO         7257    .ARM.Collect$$libinit$$0000000A  c_w.l(libinit2.o)
    0x08000286   0x08000286   0x00000000   Code   RO         7259    .ARM.Collect$$libinit$$0000000C  c_w.l(libinit2.o)
    0x08000286   0x08000286   0x00000000   Code   RO         7261    .ARM.Collect$$libinit$$0000000E  c_w.l(libinit2.o)
    0x08000286   0x08000286   0x00000006   Code   RO         7262    .ARM.Collect$$libinit$$0000000F  c_w.l(libinit2.o)
    0x0800028c   0x0800028c   0x00000000   Code   RO         7264    .ARM.Collect$$libinit$$00000011  c_w.l(libinit2.o)
    0x0800028c   0x0800028c   0x0000000c   Code   RO         7265    .ARM.Collect$$libinit$$00000012  c_w.l(libinit2.o)
    0x08000298   0x08000298   0x00000000   Code   RO         7266    .ARM.Collect$$libinit$$00000013  c_w.l(libinit2.o)
    0x08000298   0x08000298   0x00000000   Code   RO         7268    .ARM.Collect$$libinit$$00000015  c_w.l(libinit2.o)
    0x08000298   0x08000298   0x0000000a   Code   RO         7269    .ARM.Collect$$libinit$$00000016  c_w.l(libinit2.o)
    0x080002a2   0x080002a2   0x00000000   Code   RO         7270    .ARM.Collect$$libinit$$00000017  c_w.l(libinit2.o)
    0x080002a2   0x080002a2   0x00000000   Code   RO         7272    .ARM.Collect$$libinit$$00000019  c_w.l(libinit2.o)
    0x080002a2   0x080002a2   0x00000000   Code   RO         7274    .ARM.Collect$$libinit$$0000001B  c_w.l(libinit2.o)
    0x080002a2   0x080002a2   0x00000000   Code   RO         7276    .ARM.Collect$$libinit$$0000001D  c_w.l(libinit2.o)
    0x080002a2   0x080002a2   0x00000000   Code   RO         7278    .ARM.Collect$$libinit$$0000001F  c_w.l(libinit2.o)
    0x080002a2   0x080002a2   0x00000000   Code   RO         7280    .ARM.Collect$$libinit$$00000021  c_w.l(libinit2.o)
    0x080002a2   0x080002a2   0x00000000   Code   RO         7282    .ARM.Collect$$libinit$$00000023  c_w.l(libinit2.o)
    0x080002a2   0x080002a2   0x00000000   Code   RO         7284    .ARM.Collect$$libinit$$00000025  c_w.l(libinit2.o)
    0x080002a2   0x080002a2   0x00000000   Code   RO         7288    .ARM.Collect$$libinit$$0000002C  c_w.l(libinit2.o)
    0x080002a2   0x080002a2   0x00000000   Code   RO         7290    .ARM.Collect$$libinit$$0000002E  c_w.l(libinit2.o)
    0x080002a2   0x080002a2   0x00000000   Code   RO         7292    .ARM.Collect$$libinit$$00000030  c_w.l(libinit2.o)
    0x080002a2   0x080002a2   0x00000000   Code   RO         7294    .ARM.Collect$$libinit$$00000032  c_w.l(libinit2.o)
    0x080002a2   0x080002a2   0x00000002   Code   RO         7295    .ARM.Collect$$libinit$$00000033  c_w.l(libinit2.o)
    0x080002a4   0x080002a4   0x00000002   Code   RO         7341    .ARM.Collect$$libshutdown$$00000000  c_w.l(libshutdown.o)
    0x080002a6   0x080002a6   0x00000000   Code   RO         7360    .ARM.Collect$$libshutdown$$00000002  c_w.l(libshutdown2.o)
    0x080002a6   0x080002a6   0x00000000   Code   RO         7362    .ARM.Collect$$libshutdown$$00000004  c_w.l(libshutdown2.o)
    0x080002a6   0x080002a6   0x00000000   Code   RO         7365    .ARM.Collect$$libshutdown$$00000007  c_w.l(libshutdown2.o)
    0x080002a6   0x080002a6   0x00000000   Code   RO         7368    .ARM.Collect$$libshutdown$$0000000A  c_w.l(libshutdown2.o)
    0x080002a6   0x080002a6   0x00000000   Code   RO         7370    .ARM.Collect$$libshutdown$$0000000C  c_w.l(libshutdown2.o)
    0x080002a6   0x080002a6   0x00000000   Code   RO         7373    .ARM.Collect$$libshutdown$$0000000F  c_w.l(libshutdown2.o)
    0x080002a6   0x080002a6   0x00000002   Code   RO         7374    .ARM.Collect$$libshutdown$$00000010  c_w.l(libshutdown2.o)
    0x080002a8   0x080002a8   0x00000000   Code   RO         7073    .ARM.Collect$$rtentry$$00000000  c_w.l(__rtentry.o)
    0x080002a8   0x080002a8   0x00000000   Code   RO         7157    .ARM.Collect$$rtentry$$00000002  c_w.l(__rtentry2.o)
    0x080002a8   0x080002a8   0x00000006   Code   RO         7169    .ARM.Collect$$rtentry$$00000004  c_w.l(__rtentry4.o)
    0x080002ae   0x080002ae   0x00000000   Code   RO         7159    .ARM.Collect$$rtentry$$00000009  c_w.l(__rtentry2.o)
    0x080002ae   0x080002ae   0x00000004   Code   RO         7160    .ARM.Collect$$rtentry$$0000000A  c_w.l(__rtentry2.o)
    0x080002b2   0x080002b2   0x00000000   Code   RO         7162    .ARM.Collect$$rtentry$$0000000C  c_w.l(__rtentry2.o)
    0x080002b2   0x080002b2   0x00000008   Code   RO         7163    .ARM.Collect$$rtentry$$0000000D  c_w.l(__rtentry2.o)
    0x080002ba   0x080002ba   0x00000002   Code   RO         7298    .ARM.Collect$$rtexit$$00000000  c_w.l(rtexit.o)
    0x080002bc   0x080002bc   0x00000000   Code   RO         7313    .ARM.Collect$$rtexit$$00000002  c_w.l(rtexit2.o)
    0x080002bc   0x080002bc   0x00000004   Code   RO         7314    .ARM.Collect$$rtexit$$00000003  c_w.l(rtexit2.o)
    0x080002c0   0x080002c0   0x00000006   Code   RO         7315    .ARM.Collect$$rtexit$$00000004  c_w.l(rtexit2.o)
    0x080002c6   0x080002c6   0x00000002   PAD
    0x080002c8   0x080002c8   0x00000040   Code   RO          810    .text               startup_stm32f407xx.o
    0x08000308   0x08000308   0x00000002   Code   RO         6865    .text               c_w.l(use_no_semi_2.o)
    0x0800030a   0x0800030a   0x000000ee   Code   RO         6867    .text               c_w.l(lludivv7m.o)
    0x080003f8   0x080003f8   0x00000048   Code   RO         6869    .text               c_w.l(llsdiv.o)
    0x08000440   0x08000440   0x00000018   Code   RO         6875    .text               c_w.l(noretval__2printf.o)
    0x08000458   0x08000458   0x00000028   Code   RO         6877    .text               c_w.l(noretval__2sprintf.o)
    0x08000480   0x08000480   0x0000004e   Code   RO         6881    .text               c_w.l(_printf_pad.o)
    0x080004ce   0x080004ce   0x00000024   Code   RO         6883    .text               c_w.l(_printf_truncate.o)
    0x080004f2   0x080004f2   0x00000052   Code   RO         6885    .text               c_w.l(_printf_str.o)
    0x08000544   0x08000544   0x00000078   Code   RO         6887    .text               c_w.l(_printf_dec.o)
    0x080005bc   0x080005bc   0x000000bc   Code   RO         6889    .text               c_w.l(_printf_wctomb.o)
    0x08000678   0x08000678   0x00000050   Code   RO         6894    .text               c_w.l(_printf_oct_int.o)
    0x080006c8   0x080006c8   0x00000058   Code   RO         6901    .text               c_w.l(_printf_hex_int.o)
    0x08000720   0x08000720   0x00000188   Code   RO         6936    .text               c_w.l(__printf_flags_ss_wp.o)
    0x080008a8   0x080008a8   0x00000058   Code   RO         6949    .text               c_w.l(memcmp.o)
    0x08000900   0x08000900   0x00000010   Code   RO         6951    .text               c_w.l(aeabi_memset.o)
    0x08000910   0x08000910   0x0000004e   Code   RO         6953    .text               c_w.l(rt_memclr_w.o)
    0x0800095e   0x0800095e   0x00000006   Code   RO         6955    .text               c_w.l(heapauxi.o)
    0x08000964   0x08000964   0x00000002   Code   RO         7071    .text               c_w.l(use_no_semi.o)
    0x08000966   0x08000966   0x00000016   Code   RO         7078    .text               c_w.l(_rserrno.o)
    0x0800097c   0x0800097c   0x000000b2   Code   RO         7080    .text               c_w.l(_printf_intcommon.o)
    0x08000a2e   0x08000a2e   0x0000041e   Code   RO         7082    .text               c_w.l(_printf_fp_dec.o)
    0x08000e4c   0x08000e4c   0x00000030   Code   RO         7084    .text               c_w.l(_printf_char_common.o)
    0x08000e7c   0x08000e7c   0x0000000a   Code   RO         7086    .text               c_w.l(_sputc.o)
    0x08000e86   0x08000e86   0x0000002c   Code   RO         7088    .text               c_w.l(_printf_char.o)
    0x08000eb2   0x08000eb2   0x00000002   PAD
    0x08000eb4   0x08000eb4   0x00000024   Code   RO         7090    .text               c_w.l(_printf_char_file.o)
    0x08000ed8   0x08000ed8   0x0000002c   Code   RO         7092    .text               c_w.l(_printf_wchar.o)
    0x08000f04   0x08000f04   0x00000040   Code   RO         7096    .text               c_w.l(_wcrtomb.o)
    0x08000f44   0x08000f44   0x00000044   Code   RO         7098    .text               c_w.l(rt_memclr.o)
    0x08000f88   0x08000f88   0x00000010   Code   RO         7171    .text               c_w.l(rt_ctype_table.o)
    0x08000f98   0x08000f98   0x00000008   Code   RO         7178    .text               c_w.l(rt_locale_intlibspace.o)
    0x08000fa0   0x08000fa0   0x00000008   Code   RO         7183    .text               c_w.l(rt_errno_addr_intlibspace.o)
    0x08000fa8   0x08000fa8   0x0000008a   Code   RO         7185    .text               c_w.l(lludiv10.o)
    0x08001032   0x08001032   0x00000002   PAD
    0x08001034   0x08001034   0x00000080   Code   RO         7187    .text               c_w.l(_printf_fp_infnan.o)
    0x080010b4   0x080010b4   0x000000e4   Code   RO         7191    .text               c_w.l(bigflt0.o)
    0x08001198   0x08001198   0x00000008   Code   RO         7216    .text               c_w.l(ferror.o)
    0x080011a0   0x080011a0   0x00000008   Code   RO         7229    .text               c_w.l(libspace.o)
    0x080011a8   0x080011a8   0x0000004a   Code   RO         7232    .text               c_w.l(sys_stackheap_outer.o)
    0x080011f2   0x080011f2   0x00000012   Code   RO         7237    .text               c_w.l(exit.o)
    0x08001204   0x08001204   0x00000080   Code   RO         7243    .text               c_w.l(strcmpv7m.o)
    0x08001284   0x08001284   0x0000003e   Code   RO         7194    CL$$btod_d2e        c_w.l(btod.o)
    0x080012c2   0x080012c2   0x00000046   Code   RO         7196    CL$$btod_d2e_denorm_low  c_w.l(btod.o)
    0x08001308   0x08001308   0x00000060   Code   RO         7195    CL$$btod_d2e_norm_op1  c_w.l(btod.o)
    0x08001368   0x08001368   0x00000338   Code   RO         7204    CL$$btod_div_common  c_w.l(btod.o)
    0x080016a0   0x080016a0   0x000000dc   Code   RO         7201    CL$$btod_e2e        c_w.l(btod.o)
    0x0800177c   0x0800177c   0x0000002a   Code   RO         7198    CL$$btod_ediv       c_w.l(btod.o)
    0x080017a6   0x080017a6   0x0000002a   Code   RO         7197    CL$$btod_emul       c_w.l(btod.o)
    0x080017d0   0x080017d0   0x00000244   Code   RO         7203    CL$$btod_mult_common  c_w.l(btod.o)
    0x08001a14   0x08001a14   0x00000160   Code   RO         3295    i.ADC_Init          stm32f4xx_hal_adc.o
    0x08001b74   0x08001b74   0x00000088   Code   RO         6523    i.ADXL345ReadReg_XYZ  adxl345.o
    0x08001bfc   0x08001bfc   0x000001c4   Code   RO         6524    i.ADXL345_Get_Angle  adxl345.o
    0x08001dc0   0x08001dc0   0x0000004c   Code   RO         6525    i.ADXL345_Init      adxl345.o
    0x08001e0c   0x08001e0c   0x00000084   Code   RO         6526    i.ADXL345_ReadReg_times  adxl345.o
    0x08001e90   0x08001e90   0x0000003c   Code   RO         6527    i.Adxl345ReadReg    adxl345.o
    0x08001ecc   0x08001ecc   0x0000002e   Code   RO         6528    i.Adxl345WRReg      adxl345.o
    0x08001efa   0x08001efa   0x00000002   PAD
    0x08001efc   0x08001efc   0x00000010   Code   RO         4168    i.BEE_DeInit        bee.o
    0x08001f0c   0x08001f0c   0x00000050   Code   RO         4169    i.BEE_Init          bee.o
    0x08001f5c   0x08001f5c   0x0000000e   Code   RO         4199    i.BH1750_Init       bh1750.o
    0x08001f6a   0x08001f6a   0x00000002   PAD
    0x08001f6c   0x08001f6c   0x00000080   Code   RO         4200    i.BH1750_PortInit   bh1750.o
    0x08001fec   0x08001fec   0x00000034   Code   RO         4201    i.BH1750_RecvACK    bh1750.o
    0x08002020   0x08002020   0x00000054   Code   RO         4202    i.BH1750_RecvByte   bh1750.o
    0x08002074   0x08002074   0x00000040   Code   RO         4203    i.BH1750_SendACK    bh1750.o
    0x080020b4   0x080020b4   0x00000058   Code   RO         4204    i.BH1750_SendByte   bh1750.o
    0x0800210c   0x0800210c   0x00000038   Code   RO         4205    i.BH1750_Start      bh1750.o
    0x08002144   0x08002144   0x00000030   Code   RO         4206    i.BH1750_Stop       bh1750.o
    0x08002174   0x08002174   0x00000004   Code   RO          497    i.BusFault_Handler  stm32f4xx_it.o
    0x08002178   0x08002178   0x0000006c   Code   RO         6215    i.CalulateCRC       rc522.o
    0x080021e4   0x080021e4   0x0000001c   Code   RO         6216    i.ClearBitMask      rc522.o
    0x08002200   0x08002200   0x00000040   Code   RO         4667    i.DAC1_Init         dac.o
    0x08002240   0x08002240   0x00000012   Code   RO         3026    i.DAC_DMAConvCpltCh1  stm32f4xx_hal_dac.o
    0x08002252   0x08002252   0x00000012   Code   RO         3208    i.DAC_DMAConvCpltCh2  stm32f4xx_hal_dac_ex.o
    0x08002264   0x08002264   0x0000001a   Code   RO         3027    i.DAC_DMAErrorCh1   stm32f4xx_hal_dac.o
    0x0800227e   0x0800227e   0x0000001a   Code   RO         3209    i.DAC_DMAErrorCh2   stm32f4xx_hal_dac_ex.o
    0x08002298   0x08002298   0x0000000e   Code   RO         3028    i.DAC_DMAHalfConvCpltCh1  stm32f4xx_hal_dac.o
    0x080022a6   0x080022a6   0x0000000e   Code   RO         3210    i.DAC_DMAHalfConvCpltCh2  stm32f4xx_hal_dac_ex.o
    0x080022b4   0x080022b4   0x00000024   Code   RO         4669    i.DAC_DeInit        dac.o
    0x080022d8   0x080022d8   0x00000020   Code   RO         4670    i.DAC_Init          dac.o
    0x080022f8   0x080022f8   0x00000016   Code   RO         4671    i.DAC_SetHz         dac.o
    0x0800230e   0x0800230e   0x00000002   PAD
    0x08002310   0x08002310   0x00000060   Code   RO         5219    i.DHT11_Check       dht11.o
    0x08002370   0x08002370   0x00000050   Code   RO         5220    i.DHT11_Init        dht11.o
    0x080023c0   0x080023c0   0x0000004c   Code   RO         5221    i.DHT11_Read_Bit    dht11.o
    0x0800240c   0x0800240c   0x0000001e   Code   RO         5222    i.DHT11_Read_Byte   dht11.o
    0x0800242a   0x0800242a   0x00000058   Code   RO         5223    i.DHT11_Read_Data   dht11.o
    0x08002482   0x08002482   0x00000002   PAD
    0x08002484   0x08002484   0x00000040   Code   RO         5224    i.DHT11_Rst         dht11.o
    0x080024c4   0x080024c4   0x00000034   Code   RO         1650    i.DMA_CalcBaseAndBitshift  stm32f4xx_hal_dma.o
    0x080024f8   0x080024f8   0x000000aa   Code   RO         1651    i.DMA_CheckFifoParam  stm32f4xx_hal_dma.o
    0x080025a2   0x080025a2   0x0000002c   Code   RO         1652    i.DMA_SetConfig     stm32f4xx_hal_dma.o
    0x080025ce   0x080025ce   0x00000002   PAD
    0x080025d0   0x080025d0   0x00000060   Code   RO         4309    i.DS18B20_Check     ds18b20.o
    0x08002630   0x08002630   0x00000084   Code   RO         4311    i.DS18B20_Get_Temp  ds18b20.o
    0x080026b4   0x080026b4   0x00000050   Code   RO         4312    i.DS18B20_Init      ds18b20.o
    0x08002704   0x08002704   0x00000068   Code   RO         4313    i.DS18B20_Read_Bit  ds18b20.o
    0x0800276c   0x0800276c   0x00000022   Code   RO         4314    i.DS18B20_Read_Byte  ds18b20.o
    0x0800278e   0x0800278e   0x00000002   PAD
    0x08002790   0x08002790   0x00000044   Code   RO         4315    i.DS18B20_Rst       ds18b20.o
    0x080027d4   0x080027d4   0x00000018   Code   RO         4316    i.DS18B20_Start     ds18b20.o
    0x080027ec   0x080027ec   0x00000074   Code   RO         4317    i.DS18B20_Write_Byte  ds18b20.o
    0x08002860   0x08002860   0x00000002   Code   RO          498    i.DebugMon_Handler  stm32f4xx_it.o
    0x08002862   0x08002862   0x00000002   PAD
    0x08002864   0x08002864   0x00000080   Code   RO         4511    i.EC11_Init         ec11.o
    0x080028e4   0x080028e4   0x00000044   Code   RO         4512    i.EXTI15_10_IRQHandler  ec11.o
    0x08002928   0x08002928   0x0000000c   Code   RO         4381    i.EXTI9_5_IRQHandler  ultrasonic.o
    0x08002934   0x08002934   0x0000006c   Code   RO         5190    i.Extend_Init2      init.o
    0x080029a0   0x080029a0   0x00000100   Code   RO         5273    i.GP2Y0A21_Distance  gp2y0a21.o
    0x08002aa0   0x08002aa0   0x00000008   Code   RO         5274    i.GP2Y0A21_Init     gp2y0a21.o
    0x08002aa8   0x08002aa8   0x00000120   Code   RO          612    i.GUI_MenuPoint     mygui.o
    0x08002bc8   0x08002bc8   0x00000128   Code   RO          613    i.GUI_Refresh       mygui.o
    0x08002cf0   0x08002cf0   0x00000038   Code   RO         5275    i.Get_ADC2          gp2y0a21.o
    0x08002d28   0x08002d28   0x0000002e   Code   RO         5276    i.Get_ADC2_Average  gp2y0a21.o
    0x08002d56   0x08002d56   0x00000002   PAD
    0x08002d58   0x08002d58   0x00000038   Code   RO         4805    i.Get_Adc           adc.o
    0x08002d90   0x08002d90   0x0000002e   Code   RO         4806    i.Get_Adc_Average   adc.o
    0x08002dbe   0x08002dbe   0x00000002   PAD
    0x08002dc0   0x08002dc0   0x00000078   Code   RO         4207    i.Get_Bh_Value      bh1750.o
    0x08002e38   0x08002e38   0x000000dc   Code   RO         6794    i.Get_Duty_Cycle    voltage.o
    0x08002f14   0x08002f14   0x0000010c   Code   RO         6795    i.Get_Period        voltage.o
    0x08003020   0x08003020   0x000000b4   Code   RO         4807    i.Get_Temprate      adc.o
    0x080030d4   0x080030d4   0x0000004c   Code   RO         4808    i.Get_V             adc.o
    0x08003120   0x08003120   0x000000f0   Code   RO         6796    i.Get_Vpp_Voltage   voltage.o
    0x08003210   0x08003210   0x00000064   Code   RO         5325    i.Get_Weight        hx711.o
    0x08003274   0x08003274   0x0000018c   Code   RO         3297    i.HAL_ADC_ConfigChannel  stm32f4xx_hal_adc.o
    0x08003400   0x08003400   0x00000008   Code   RO         3304    i.HAL_ADC_GetValue  stm32f4xx_hal_adc.o
    0x08003408   0x08003408   0x00000068   Code   RO         3306    i.HAL_ADC_Init      stm32f4xx_hal_adc.o
    0x08003470   0x08003470   0x0000006c   Code   RO         4809    i.HAL_ADC_MspInit   adc.o
    0x080034dc   0x080034dc   0x000000c2   Code   RO         3310    i.HAL_ADC_PollForConversion  stm32f4xx_hal_adc.o
    0x0800359e   0x0800359e   0x00000002   PAD
    0x080035a0   0x080035a0   0x0000013c   Code   RO         3312    i.HAL_ADC_Start     stm32f4xx_hal_adc.o
    0x080036dc   0x080036dc   0x00000002   Code   RO         3211    i.HAL_DACEx_ConvCpltCallbackCh2  stm32f4xx_hal_dac_ex.o
    0x080036de   0x080036de   0x00000002   Code   RO         3212    i.HAL_DACEx_ConvHalfCpltCallbackCh2  stm32f4xx_hal_dac_ex.o
    0x080036e0   0x080036e0   0x00000002   Code   RO         3216    i.HAL_DACEx_ErrorCallbackCh2  stm32f4xx_hal_dac_ex.o
    0x080036e2   0x080036e2   0x0000005a   Code   RO         3029    i.HAL_DAC_ConfigChannel  stm32f4xx_hal_dac.o
    0x0800373c   0x0800373c   0x00000002   Code   RO         3030    i.HAL_DAC_ConvCpltCallbackCh1  stm32f4xx_hal_dac.o
    0x0800373e   0x0800373e   0x00000002   Code   RO         3031    i.HAL_DAC_ConvHalfCpltCallbackCh1  stm32f4xx_hal_dac.o
    0x08003740   0x08003740   0x00000024   Code   RO         3033    i.HAL_DAC_DeInit    stm32f4xx_hal_dac.o
    0x08003764   0x08003764   0x00000002   Code   RO         3034    i.HAL_DAC_ErrorCallbackCh1  stm32f4xx_hal_dac.o
    0x08003766   0x08003766   0x00000028   Code   RO         3039    i.HAL_DAC_Init      stm32f4xx_hal_dac.o
    0x0800378e   0x0800378e   0x00000002   Code   RO         3040    i.HAL_DAC_MspDeInit  stm32f4xx_hal_dac.o
    0x08003790   0x08003790   0x00000078   Code   RO         4672    i.HAL_DAC_MspInit   dac.o
    0x08003808   0x08003808   0x00000120   Code   RO         3044    i.HAL_DAC_Start_DMA  stm32f4xx_hal_dac.o
    0x08003928   0x08003928   0x00000028   Code   RO         1654    i.HAL_DMA_Abort_IT  stm32f4xx_hal_dma.o
    0x08003950   0x08003950   0x00000070   Code   RO         1655    i.HAL_DMA_DeInit    stm32f4xx_hal_dma.o
    0x080039c0   0x080039c0   0x000000ec   Code   RO         1659    i.HAL_DMA_Init      stm32f4xx_hal_dma.o
    0x08003aac   0x08003aac   0x0000009e   Code   RO         1663    i.HAL_DMA_Start_IT  stm32f4xx_hal_dma.o
    0x08003b4a   0x08003b4a   0x00000002   PAD
    0x08003b4c   0x08003b4c   0x00000164   Code   RO         1000    i.HAL_GPIO_DeInit   stm32f4xx_hal_gpio.o
    0x08003cb0   0x08003cb0   0x0000006c   Code   RO         4382    i.HAL_GPIO_EXTI_Callback  ultrasonic.o
    0x08003d1c   0x08003d1c   0x0000001c   Code   RO         1002    i.HAL_GPIO_EXTI_IRQHandler  stm32f4xx_hal_gpio.o
    0x08003d38   0x08003d38   0x00000200   Code   RO         1003    i.HAL_GPIO_Init     stm32f4xx_hal_gpio.o
    0x08003f38   0x08003f38   0x0000000c   Code   RO          829    i.HAL_GetREVID      stm32f4xx_hal.o
    0x08003f44   0x08003f44   0x0000000c   Code   RO          830    i.HAL_GetTick       stm32f4xx_hal.o
    0x08003f50   0x08003f50   0x00000018   Code   RO          836    i.HAL_IncTick       stm32f4xx_hal.o
    0x08003f68   0x08003f68   0x00000030   Code   RO          837    i.HAL_Init          stm32f4xx_hal.o
    0x08003f98   0x08003f98   0x0000004c   Code   RO          838    i.HAL_InitTick      stm32f4xx_hal.o
    0x08003fe4   0x08003fe4   0x00000002   Code   RO          373    i.HAL_MspInit       stm32f4xx_hal_msp.o
    0x08003fe6   0x08003fe6   0x00000020   Code   RO         1173    i.HAL_NVIC_EnableIRQ  stm32f4xx_hal_cortex.o
    0x08004006   0x08004006   0x0000007c   Code   RO         1179    i.HAL_NVIC_SetPriority  stm32f4xx_hal_cortex.o
    0x08004082   0x08004082   0x00000002   PAD
    0x08004084   0x08004084   0x00000028   Code   RO         1180    i.HAL_NVIC_SetPriorityGrouping  stm32f4xx_hal_cortex.o
    0x080040ac   0x080040ac   0x00000180   Code   RO         1067    i.HAL_RCC_ClockConfig  stm32f4xx_hal_rcc.o
    0x0800422c   0x0800422c   0x0000000c   Code   RO         1072    i.HAL_RCC_GetHCLKFreq  stm32f4xx_hal_rcc.o
    0x08004238   0x08004238   0x00000020   Code   RO         1074    i.HAL_RCC_GetPCLK1Freq  stm32f4xx_hal_rcc.o
    0x08004258   0x08004258   0x00000020   Code   RO         1075    i.HAL_RCC_GetPCLK2Freq  stm32f4xx_hal_rcc.o
    0x08004278   0x08004278   0x000000ac   Code   RO         1076    i.HAL_RCC_GetSysClockFreq  stm32f4xx_hal_rcc.o
    0x08004324   0x08004324   0x00000448   Code   RO         1079    i.HAL_RCC_OscConfig  stm32f4xx_hal_rcc.o
    0x0800476c   0x0800476c   0x00000028   Code   RO         1182    i.HAL_SYSTICK_CLKSourceConfig  stm32f4xx_hal_cortex.o
    0x08004794   0x08004794   0x00000034   Code   RO         1184    i.HAL_SYSTICK_Config  stm32f4xx_hal_cortex.o
    0x080047c8   0x080047c8   0x00000002   Code   RO         1756    i.HAL_TIMEx_BreakCallback  stm32f4xx_hal_tim_ex.o
    0x080047ca   0x080047ca   0x00000002   Code   RO         1757    i.HAL_TIMEx_CommutCallback  stm32f4xx_hal_tim_ex.o
    0x080047cc   0x080047cc   0x00000054   Code   RO         1774    i.HAL_TIMEx_MasterConfigSynchronization  stm32f4xx_hal_tim_ex.o
    0x08004820   0x08004820   0x00000046   Code   RO         2007    i.HAL_TIM_Base_DeInit  stm32f4xx_hal_tim.o
    0x08004866   0x08004866   0x00000034   Code   RO         2009    i.HAL_TIM_Base_Init  stm32f4xx_hal_tim.o
    0x0800489a   0x0800489a   0x00000002   Code   RO         2010    i.HAL_TIM_Base_MspDeInit  stm32f4xx_hal_tim.o
    0x0800489c   0x0800489c   0x00000160   Code   RO         4903    i.HAL_TIM_Base_MspInit  time.o
    0x080049fc   0x080049fc   0x0000002a   Code   RO         2012    i.HAL_TIM_Base_Start  stm32f4xx_hal_tim.o
    0x08004a26   0x08004a26   0x0000002a   Code   RO         2014    i.HAL_TIM_Base_Start_IT  stm32f4xx_hal_tim.o
    0x08004a50   0x08004a50   0x00000038   Code   RO         2015    i.HAL_TIM_Base_Stop  stm32f4xx_hal_tim.o
    0x08004a88   0x08004a88   0x00000038   Code   RO         2017    i.HAL_TIM_Base_Stop_IT  stm32f4xx_hal_tim.o
    0x08004ac0   0x08004ac0   0x00000108   Code   RO         2018    i.HAL_TIM_ConfigClockSource  stm32f4xx_hal_tim.o
    0x08004bc8   0x08004bc8   0x00000002   Code   RO         2038    i.HAL_TIM_IC_CaptureCallback  stm32f4xx_hal_tim.o
    0x08004bca   0x08004bca   0x00000196   Code   RO         2052    i.HAL_TIM_IRQHandler  stm32f4xx_hal_tim.o
    0x08004d60   0x08004d60   0x00000002   Code   RO         2055    i.HAL_TIM_OC_DelayElapsedCallback  stm32f4xx_hal_tim.o
    0x08004d62   0x08004d62   0x00000002   Code   RO         2082    i.HAL_TIM_PWM_PulseFinishedCallback  stm32f4xx_hal_tim.o
    0x08004d64   0x08004d64   0x00000002   Code   RO         2090    i.HAL_TIM_PeriodElapsedCallback  stm32f4xx_hal_tim.o
    0x08004d66   0x08004d66   0x00000002   Code   RO         2095    i.HAL_TIM_TriggerCallback  stm32f4xx_hal_tim.o
    0x08004d68   0x08004d68   0x00000002   Code   RO         2716    i.HAL_UART_ErrorCallback  stm32f4xx_hal_uart.o
    0x08004d6a   0x08004d6a   0x00000002   PAD
    0x08004d6c   0x08004d6c   0x0000014c   Code   RO         2719    i.HAL_UART_IRQHandler  stm32f4xx_hal_uart.o
    0x08004eb8   0x08004eb8   0x00000072   Code   RO         2720    i.HAL_UART_Init     stm32f4xx_hal_uart.o
    0x08004f2a   0x08004f2a   0x00000002   PAD
    0x08004f2c   0x08004f2c   0x0000012c   Code   RO         4557    i.HAL_UART_MspInit  uart.o
    0x08005058   0x08005058   0x00000070   Code   RO         2725    i.HAL_UART_Receive_IT  stm32f4xx_hal_uart.o
    0x080050c8   0x080050c8   0x00000002   Code   RO         2726    i.HAL_UART_RxCpltCallback  stm32f4xx_hal_uart.o
    0x080050ca   0x080050ca   0x000000d6   Code   RO         2728    i.HAL_UART_Transmit  stm32f4xx_hal_uart.o
    0x080051a0   0x080051a0   0x00000002   Code   RO         2731    i.HAL_UART_TxCpltCallback  stm32f4xx_hal_uart.o
    0x080051a2   0x080051a2   0x00000002   PAD
    0x080051a4   0x080051a4   0x000000d4   Code   RO         6415    i.HMC5883_Init      hmc5883l.o
    0x08005278   0x08005278   0x00000014   Code   RO         6416    i.HMC5883_Read_X    hmc5883l.o
    0x0800528c   0x0800528c   0x00000014   Code   RO         6417    i.HMC5883_Read_Y    hmc5883l.o
    0x080052a0   0x080052a0   0x00000014   Code   RO         6418    i.HMC5883_Read_Z    hmc5883l.o
    0x080052b4   0x080052b4   0x0000004c   Code   RO         6419    i.HMC5883_RecvACK   hmc5883l.o
    0x08005300   0x08005300   0x00000064   Code   RO         6420    i.HMC5883_RecvByte  hmc5883l.o
    0x08005364   0x08005364   0x00000058   Code   RO         6421    i.HMC5883_SendACK   hmc5883l.o
    0x080053bc   0x080053bc   0x00000074   Code   RO         6422    i.HMC5883_SendByte  hmc5883l.o
    0x08005430   0x08005430   0x0000004c   Code   RO         6423    i.HMC5883_Start     hmc5883l.o
    0x0800547c   0x0800547c   0x00000030   Code   RO         6424    i.HMC5883_Stop      hmc5883l.o
    0x080054ac   0x080054ac   0x00000090   Code   RO         5326    i.HX711_Init        hx711.o
    0x0800553c   0x0800553c   0x0000007c   Code   RO         5327    i.HX711_Read        hx711.o
    0x080055b8   0x080055b8   0x00000004   Code   RO          499    i.HardFault_Handler  stm32f4xx_it.o
    0x080055bc   0x080055bc   0x00000038   Code   RO            4    i.Hard_Init         main.o
    0x080055f4   0x080055f4   0x0000001c   Code   RO         6217    i.InitRc522         rc522.o
    0x08005610   0x08005610   0x000000c0   Code   RO         4472    i.KEY_Init          key.o
    0x080056d0   0x080056d0   0x000000c0   Code   RO         4474    i.KEY_Scan          key.o
    0x08005790   0x08005790   0x00000048   Code   RO         3567    i.LED_Init          led.o
    0x080057d8   0x080057d8   0x0000005e   Code   RO         6218    i.M500PcdConfigISOType  rc522.o
    0x08005836   0x08005836   0x00000002   PAD
    0x08005838   0x08005838   0x00000098   Code   RO         6065    i.MLX90614_Init     mlx90614.o
    0x080058d0   0x080058d0   0x00000050   Code   RO         5373    i.MPU_Get_Gyroscope  mpu6050.o
    0x08005920   0x08005920   0x0000007a   Code   RO         5375    i.MPU_Init          mpu6050.o
    0x0800599a   0x0800599a   0x0000003a   Code   RO         5376    i.MPU_Read_Byte     mpu6050.o
    0x080059d4   0x080059d4   0x00000074   Code   RO         5377    i.MPU_Read_Len      mpu6050.o
    0x08005a48   0x08005a48   0x00000010   Code   RO         5378    i.MPU_Set_Accel_Fsr  mpu6050.o
    0x08005a58   0x08005a58   0x00000010   Code   RO         5379    i.MPU_Set_Gyro_Fsr  mpu6050.o
    0x08005a68   0x08005a68   0x0000003a   Code   RO         5380    i.MPU_Set_LPF       mpu6050.o
    0x08005aa2   0x08005aa2   0x0000003a   Code   RO         5381    i.MPU_Set_Rate      mpu6050.o
    0x08005adc   0x08005adc   0x00000044   Code   RO         5382    i.MPU_Write_Byte    mpu6050.o
    0x08005b20   0x08005b20   0x00000060   Code   RO         5383    i.MPU_Write_Len     mpu6050.o
    0x08005b80   0x08005b80   0x0000004c   Code   RO         6580    i.MR_IIC_Ack        mriic.o
    0x08005bcc   0x08005bcc   0x0000000a   Code   RO         6581    i.MR_IIC_Delay      mriic.o
    0x08005bd6   0x08005bd6   0x00000002   PAD
    0x08005bd8   0x08005bd8   0x00000080   Code   RO         6582    i.MR_IIC_Init       mriic.o
    0x08005c58   0x08005c58   0x00000050   Code   RO         6583    i.MR_IIC_NAck       mriic.o
    0x08005ca8   0x08005ca8   0x00000068   Code   RO         6584    i.MR_IIC_ReadByte   mriic.o
    0x08005d10   0x08005d10   0x00000058   Code   RO         6585    i.MR_IIC_ReadByte2  mriic.o
    0x08005d68   0x08005d68   0x00000064   Code   RO         6586    i.MR_IIC_Send_Byte  mriic.o
    0x08005dcc   0x08005dcc   0x00000054   Code   RO         6587    i.MR_IIC_Start      mriic.o
    0x08005e20   0x08005e20   0x00000050   Code   RO         6588    i.MR_IIC_Stop       mriic.o
    0x08005e70   0x08005e70   0x00000060   Code   RO         6589    i.MR_IIC_Wait_Ack   mriic.o
    0x08005ed0   0x08005ed0   0x000000a4   Code   RO         4770    i.MYDMA_Config      dma.o
    0x08005f74   0x08005f74   0x000000ac   Code   RO         5277    i.MY_ADC2_Init      gp2y0a21.o
    0x08006020   0x08006020   0x00000044   Code   RO         4813    i.MY_ADC_Init       adc.o
    0x08006064   0x08006064   0x00000054   Code   RO         6149    i.MY_IIC_Ack        my_iic.o
    0x080060b8   0x080060b8   0x00000094   Code   RO         6150    i.MY_IIC_Init       my_iic.o
    0x0800614c   0x0800614c   0x00000054   Code   RO         6151    i.MY_IIC_NAck       my_iic.o
    0x080061a0   0x080061a0   0x0000006c   Code   RO         6152    i.MY_IIC_Read_Byte  my_iic.o
    0x0800620c   0x0800620c   0x00000068   Code   RO         6153    i.MY_IIC_Send_Byte  my_iic.o
    0x08006274   0x08006274   0x0000004c   Code   RO         6154    i.MY_IIC_Start      my_iic.o
    0x080062c0   0x080062c0   0x0000004c   Code   RO         6155    i.MY_IIC_Stop       my_iic.o
    0x0800630c   0x0800630c   0x00000060   Code   RO         6156    i.MY_IIC_Wait_Ack   my_iic.o
    0x0800636c   0x0800636c   0x00000094   Code   RO          614    i.Main_Menu_Func    mygui.o
    0x08006400   0x08006400   0x00000004   Code   RO          500    i.MemManage_Handler  stm32f4xx_it.o
    0x08006404   0x08006404   0x0000003c   Code   RO         4208    i.Multiple_Read_BH1750  bh1750.o
    0x08006440   0x08006440   0x00000002   Code   RO          501    i.NMI_Handler       stm32f4xx_it.o
    0x08006442   0x08006442   0x00000040   Code   RO         3896    i.OLED_Clear        oled.o
    0x08006482   0x08006482   0x00000076   Code   RO         3900    i.OLED_DrawBMP      oled.o
    0x080064f8   0x080064f8   0x00000090   Code   RO         3901    i.OLED_DrawFont16   oled.o
    0x08006588   0x08006588   0x00000094   Code   RO         3902    i.OLED_DrawFont32   oled.o
    0x0800661c   0x0800661c   0x00000080   Code   RO         3903    i.OLED_Hardware_Init  oled.o
    0x0800669c   0x0800669c   0x00000134   Code   RO         3904    i.OLED_Init         oled.o
    0x080067d0   0x080067d0   0x0000002a   Code   RO         3905    i.OLED_Set_Pos      oled.o
    0x080067fa   0x080067fa   0x00000002   PAD
    0x080067fc   0x080067fc   0x0000006c   Code   RO         3906    i.OLED_ShowChar     oled.o
    0x08006868   0x08006868   0x00000070   Code   RO         3907    i.OLED_ShowInt32Num  oled.o
    0x080068d8   0x080068d8   0x00000070   Code   RO         3908    i.OLED_ShowString   oled.o
    0x08006948   0x08006948   0x000000fc   Code   RO         3909    i.OLED_Show_Str     oled.o
    0x08006a44   0x08006a44   0x0000006c   Code   RO         3910    i.OLED_WR_Byte      oled.o
    0x08006ab0   0x08006ab0   0x000000ba   Code   RO         6066    i.PEC_Calculation   mlx90614.o
    0x08006b6a   0x08006b6a   0x0000000c   Code   RO         6219    i.PcdAntennaOff     rc522.o
    0x08006b76   0x08006b76   0x0000001a   Code   RO         6220    i.PcdAntennaOn      rc522.o
    0x08006b90   0x08006b90   0x00000070   Code   RO         6221    i.PcdAnticoll       rc522.o
    0x08006c00   0x08006c00   0x00000056   Code   RO         6222    i.PcdAuthState      rc522.o
    0x08006c56   0x08006c56   0x0000013e   Code   RO         6223    i.PcdComMF522       rc522.o
    0x08006d94   0x08006d94   0x00000056   Code   RO         6225    i.PcdRead           rc522.o
    0x08006dea   0x08006dea   0x00000056   Code   RO         6226    i.PcdRequest        rc522.o
    0x08006e40   0x08006e40   0x00000052   Code   RO         6227    i.PcdReset          rc522.o
    0x08006e92   0x08006e92   0x00000074   Code   RO         6228    i.PcdSelect         rc522.o
    0x08006f06   0x08006f06   0x00000096   Code   RO         6229    i.PcdWrite          rc522.o
    0x08006f9c   0x08006f9c   0x00000002   Code   RO          502    i.PendSV_Handler    stm32f4xx_it.o
    0x08006f9e   0x08006f9e   0x0000000c   Code   RO         6230    i.RC522_Init        rc522.o
    0x08006faa   0x08006faa   0x00000046   Code   RO         6231    i.RC522_RD_Reg      rc522.o
    0x08006ff0   0x08006ff0   0x00000030   Code   RO         6232    i.RC522_WR_Reg      rc522.o
    0x08007020   0x08007020   0x0000000c   Code   RO         6233    i.RC_Get_address    rc522.o
    0x0800702c   0x0800702c   0x00000008   Code   RO         6234    i.RC_Get_buffer     rc522.o
    0x08007034   0x08007034   0x0000005c   Code   RO         6236    i.RC_check_read     rc522.o
    0x08007090   0x08007090   0x0000005c   Code   RO         6237    i.RC_write          rc522.o
    0x080070ec   0x080070ec   0x00000048   Code   RO         4010    i.RGB               rgb.o
    0x08007134   0x08007134   0x00000068   Code   RO         4012    i.RGB_Init          rgb.o
    0x0800719c   0x0800719c   0x00000018   Code   RO         4013    i.RGB_Set           rgb.o
    0x080071b4   0x080071b4   0x00000194   Code   RO         6798    i.RMS               voltage.o
    0x08007348   0x08007348   0x00000044   Code   RO         5031    i.RNG_GetRandom     rng.o
    0x0800738c   0x0800738c   0x00000012   Code   RO         5032    i.RNG_GetRandomRange  rng.o
    0x0800739e   0x0800739e   0x00000002   PAD
    0x080073a0   0x080073a0   0x00000024   Code   RO         5033    i.RNG_Init          rng.o
    0x080073c4   0x080073c4   0x00000040   Code   RO         5072    i.RTC_Alarm_IRQHandler  rtc.o
    0x08007404   0x08007404   0x00000016   Code   RO         5073    i.RTC_BCD2DEC       rtc.o
    0x0800741a   0x0800741a   0x0000001c   Code   RO         5074    i.RTC_DEC2BCD       rtc.o
    0x08007436   0x08007436   0x00000002   PAD
    0x08007438   0x08007438   0x00000044   Code   RO         5075    i.RTC_Get_Date      rtc.o
    0x0800747c   0x0800747c   0x00000044   Code   RO         5076    i.RTC_Get_Time      rtc.o
    0x080074c0   0x080074c0   0x000000f4   Code   RO         5078    i.RTC_Init          rtc.o
    0x080075b4   0x080075b4   0x00000040   Code   RO         5079    i.RTC_Init_Mode     rtc.o
    0x080075f4   0x080075f4   0x00000014   Code   RO         5080    i.RTC_Read_BKR      rtc.o
    0x08007608   0x08007608   0x00000064   Code   RO         5082    i.RTC_Set_Date      rtc.o
    0x0800766c   0x0800766c   0x00000064   Code   RO         5083    i.RTC_Set_Time      rtc.o
    0x080076d0   0x080076d0   0x000000c0   Code   RO         5084    i.RTC_Set_WakeUp    rtc.o
    0x08007790   0x08007790   0x0000002c   Code   RO         5085    i.RTC_WKUP_IRQHandler  rtc.o
    0x080077bc   0x080077bc   0x00000048   Code   RO         5086    i.RTC_Wait_Synchro  rtc.o
    0x08007804   0x08007804   0x00000010   Code   RO         5087    i.RTC_Write_BKR     rtc.o
    0x08007814   0x08007814   0x00000014   Code   RO         6238    i.ReadRawRC         rc522.o
    0x08007828   0x08007828   0x00000044   Code   RO         4209    i.SDA_IN            bh1750.o
    0x0800786c   0x0800786c   0x00000048   Code   RO         4210    i.SDA_OUT           bh1750.o
    0x080078b4   0x080078b4   0x00000026   Code   RO         6005    i.SK6812_Byte       sk6812.o
    0x080078da   0x080078da   0x0000000e   Code   RO         6006    i.SK6812_Delay      sk6812.o
    0x080078e8   0x080078e8   0x00000020   Code   RO         6007    i.SK6812_Handle     sk6812.o
    0x08007908   0x08007908   0x0000004c   Code   RO         6008    i.SK6812_Init       sk6812.o
    0x08007954   0x08007954   0x00000014   Code   RO         6009    i.SK6812_Reset      sk6812.o
    0x08007968   0x08007968   0x00000028   Code   RO         6010    i.SK6812_Set_0      sk6812.o
    0x08007990   0x08007990   0x00000028   Code   RO         6011    i.SK6812_Set_1      sk6812.o
    0x080079b8   0x080079b8   0x0000000c   Code   RO         6067    i.SMBus_Delay       mlx90614.o
    0x080079c4   0x080079c4   0x000000a6   Code   RO         6068    i.SMBus_ReadMemory  mlx90614.o
    0x08007a6a   0x08007a6a   0x00000002   PAD
    0x08007a6c   0x08007a6c   0x0000005c   Code   RO         6069    i.SMBus_ReadTemp    mlx90614.o
    0x08007ac8   0x08007ac8   0x00000074   Code   RO         6070    i.SMBus_ReceiveBit  mlx90614.o
    0x08007b3c   0x08007b3c   0x00000032   Code   RO         6071    i.SMBus_ReceiveByte  mlx90614.o
    0x08007b6e   0x08007b6e   0x00000002   PAD
    0x08007b70   0x08007b70   0x00000044   Code   RO         6072    i.SMBus_SendBit     mlx90614.o
    0x08007bb4   0x08007bb4   0x00000034   Code   RO         6073    i.SMBus_SendByte    mlx90614.o
    0x08007be8   0x08007be8   0x00000040   Code   RO         6074    i.SMBus_StartBit    mlx90614.o
    0x08007c28   0x08007c28   0x0000003c   Code   RO         6075    i.SMBus_StopBit     mlx90614.o
    0x08007c64   0x08007c64   0x0000002c   Code   RO         4071    i.SMG_DeInit        smg.o
    0x08007c90   0x08007c90   0x00000050   Code   RO         4072    i.SMG_Display       smg.o
    0x08007ce0   0x08007ce0   0x00000064   Code   RO         4073    i.SMG_DisplayP      smg.o
    0x08007d44   0x08007d44   0x00000064   Code   RO         4074    i.SMG_Display_Bit   smg.o
    0x08007da8   0x08007da8   0x00000094   Code   RO         4075    i.SMG_Init          smg.o
    0x08007e3c   0x08007e3c   0x0000049e   Code   RO         4076    i.SMG_Position      smg.o
    0x080082da   0x080082da   0x00000002   Code   RO          503    i.SVC_Handler       stm32f4xx_it.o
    0x080082dc   0x080082dc   0x0000001c   Code   RO         6241    i.SetBitMask        rc522.o
    0x080082f8   0x080082f8   0x00000032   Code   RO         6427    i.Single_Read_HMC5883  hmc5883l.o
    0x0800832a   0x0800832a   0x0000001a   Code   RO         4211    i.Single_Write_BH1750  bh1750.o
    0x08008344   0x08008344   0x000000cc   Code   RO         5003    i.Stm32_Clock_Init  sys.o
    0x08008410   0x08008410   0x00000008   Code   RO          504    i.SysTick_Handler   stm32f4xx_it.o
    0x08008418   0x08008418   0x00000064   Code   RO          576    i.SystemInit        system_stm32f4xx.o
    0x0800847c   0x0800847c   0x0000005c   Code   RO         4905    i.TIM2_Init         time.o
    0x080084d8   0x080084d8   0x00000088   Code   RO         4014    i.TIM3_IRQHandler   rgb.o
    0x08008560   0x08008560   0x00000028   Code   RO         4015    i.TIM3_Init         rgb.o
    0x08008588   0x08008588   0x00000144   Code   RO         4077    i.TIM4_IRQHandler   smg.o
    0x080086cc   0x080086cc   0x00000028   Code   RO         4078    i.TIM4_Init         smg.o
    0x080086f4   0x080086f4   0x00000010   Code   RO         4906    i.TIM5_DeInit       time.o
    0x08008704   0x08008704   0x00000274   Code   RO          615    i.TIM5_IRQHandler   mygui.o
    0x08008978   0x08008978   0x00000050   Code   RO         4907    i.TIM5_Init         time.o
    0x080089c8   0x080089c8   0x00000034   Code   RO         4383    i.TIM7_IRQHandler   ultrasonic.o
    0x080089fc   0x080089fc   0x00000028   Code   RO         4384    i.TIM7_Init         ultrasonic.o
    0x08008a24   0x08008a24   0x00000018   Code   RO         4908    i.TIM8_BRK_TIM12_IRQHandler  time.o
    0x08008a3c   0x08008a3c   0x000000d8   Code   RO         2097    i.TIM_Base_SetConfig  stm32f4xx_hal_tim.o
    0x08008b14   0x08008b14   0x00000016   Code   RO         2108    i.TIM_ETR_SetConfig  stm32f4xx_hal_tim.o
    0x08008b2a   0x08008b2a   0x00000012   Code   RO         2109    i.TIM_ITRx_SetConfig  stm32f4xx_hal_tim.o
    0x08008b3c   0x08008b3c   0x00000026   Code   RO         2115    i.TIM_TI1_ConfigInputStage  stm32f4xx_hal_tim.o
    0x08008b62   0x08008b62   0x00000028   Code   RO         2117    i.TIM_TI2_ConfigInputStage  stm32f4xx_hal_tim.o
    0x08008b8a   0x08008b8a   0x00000002   PAD
    0x08008b8c   0x08008b8c   0x000000a8   Code   RO          684    i.Task_10_Func      mygui_func.o
    0x08008c34   0x08008c34   0x00000618   Code   RO          685    i.Task_11_Func      mygui_func.o
    0x0800924c   0x0800924c   0x00000134   Code   RO          686    i.Task_1_Func       mygui_func.o
    0x08009380   0x08009380   0x00000078   Code   RO          687    i.Task_2_Func       mygui_func.o
    0x080093f8   0x080093f8   0x00000710   Code   RO          688    i.Task_3_Func       mygui_func.o
    0x08009b08   0x08009b08   0x0000043c   Code   RO          689    i.Task_4_Func       mygui_func.o
    0x08009f44   0x08009f44   0x00000358   Code   RO          690    i.Task_5_Func       mygui_func.o
    0x0800a29c   0x0800a29c   0x000000e0   Code   RO          691    i.Task_6_Func       mygui_func.o
    0x0800a37c   0x0800a37c   0x00000374   Code   RO          692    i.Task_7_Func       mygui_func.o
    0x0800a6f0   0x0800a6f0   0x000002f4   Code   RO          693    i.Task_813_Func     mygui_func.o
    0x0800a9e4   0x0800a9e4   0x0000065c   Code   RO          694    i.Task_81_Func      mygui_func.o
    0x0800b040   0x0800b040   0x00000294   Code   RO          695    i.Task_82_Func      mygui_func.o
    0x0800b2d4   0x0800b2d4   0x00000124   Code   RO          696    i.Task_8_Func       mygui_func.o
    0x0800b3f8   0x0800b3f8   0x0000012c   Code   RO          697    i.Task_9_Func       mygui_func.o
    0x0800b524   0x0800b524   0x00000028   Code   RO          698    i.Task_Init         mygui_func.o
    0x0800b54c   0x0800b54c   0x00000114   Code   RO          699    i.Task_speechRecognition  mygui_func.o
    0x0800b660   0x0800b660   0x00000038   Code   RO         4562    i.UART2_Init        uart.o
    0x0800b698   0x0800b698   0x00000014   Code   RO         4563    i.UART2_Send        uart.o
    0x0800b6ac   0x0800b6ac   0x00000014   Code   RO         2733    i.UART_DMAAbortOnError  stm32f4xx_hal_uart.o
    0x0800b6c0   0x0800b6c0   0x00000020   Code   RO         2743    i.UART_EndRxTransfer  stm32f4xx_hal_uart.o
    0x0800b6e0   0x0800b6e0   0x00000020   Code   RO         2744    i.UART_EndTransmit_IT  stm32f4xx_hal_uart.o
    0x0800b700   0x0800b700   0x000000a6   Code   RO         2746    i.UART_Receive_IT   stm32f4xx_hal_uart.o
    0x0800b7a6   0x0800b7a6   0x00000002   PAD
    0x0800b7a8   0x0800b7a8   0x00000368   Code   RO         2747    i.UART_SetConfig    stm32f4xx_hal_uart.o
    0x0800bb10   0x0800bb10   0x00000068   Code   RO         2748    i.UART_Transmit_IT  stm32f4xx_hal_uart.o
    0x0800bb78   0x0800bb78   0x0000006c   Code   RO         2749    i.UART_WaitOnFlagUntilTimeout  stm32f4xx_hal_uart.o
    0x0800bbe4   0x0800bbe4   0x00000064   Code   RO         4565    i.USART2_IRQHandler  uart.o
    0x0800bc48   0x0800bc48   0x00000088   Code   RO         4386    i.Ultrasonic_Distance  ultrasonic.o
    0x0800bcd0   0x0800bcd0   0x0000003c   Code   RO         4387    i.Ultrasonic_EXTI   ultrasonic.o
    0x0800bd0c   0x0800bd0c   0x00000014   Code   RO         4389    i.Ultrasonic_Init   ultrasonic.o
    0x0800bd20   0x0800bd20   0x0000006c   Code   RO         4390    i.Ultrasonic_Port   ultrasonic.o
    0x0800bd8c   0x0800bd8c   0x0000005c   Code   RO         4391    i.Ultrasonic_Ranging  ultrasonic.o
    0x0800bde8   0x0800bde8   0x00000078   Code   RO         6800    i.Update_Display    voltage.o
    0x0800be60   0x0800be60   0x00000004   Code   RO          505    i.UsageFault_Handler  stm32f4xx_it.o
    0x0800be64   0x0800be64   0x00000012   Code   RO         6243    i.WriteRawRC        rc522.o
    0x0800be76   0x0800be76   0x00000002   PAD
    0x0800be78   0x0800be78   0x0000009c   Code   RO         4566    i.XiaoChuang_ASR    uart.o
    0x0800bf14   0x0800bf14   0x00000194   Code   RO         4567    i.XiaoChuang_PlayNUM  uart.o
    0x0800c0a8   0x0800c0a8   0x00000010   Code   RO         4568    i.XiaoChuang_PlayNUMbit  uart.o
    0x0800c0b8   0x0800c0b8   0x00000030   Code   RO         7140    i.__ARM_fpclassify  m_wm.l(fpclassify.o)
    0x0800c0e8   0x0800c0e8   0x00000010   Code   RO         1186    i.__NVIC_GetPriorityGrouping  stm32f4xx_hal_cortex.o
    0x0800c0f8   0x0800c0f8   0x00000028   Code   RO         1187    i.__NVIC_SetPriority  stm32f4xx_hal_cortex.o
    0x0800c120   0x0800c120   0x000002d8   Code   RO         7007    i.__hardfp_atan     m_wm.l(atan.o)
    0x0800c3f8   0x0800c3f8   0x00000c50   Code   RO         7033    i.__hardfp_pow      m_wm.l(pow.o)
    0x0800d048   0x0800d048   0x000000c8   Code   RO         7047    i.__hardfp_sin      m_wm.l(sin.o)
    0x0800d110   0x0800d110   0x0000007a   Code   RO         7059    i.__hardfp_sqrt     m_wm.l(sqrt.o)
    0x0800d18a   0x0800d18a   0x00000006   PAD
    0x0800d190   0x0800d190   0x00000438   Code   RO         7145    i.__ieee754_rem_pio2  m_wm.l(rred.o)
    0x0800d5c8   0x0800d5c8   0x00000170   Code   RO         7117    i.__kernel_cos      m_wm.l(cos_i.o)
    0x0800d738   0x0800d738   0x000000f8   Code   RO         7142    i.__kernel_poly     m_wm.l(poly.o)
    0x0800d830   0x0800d830   0x00000130   Code   RO         7150    i.__kernel_sin      m_wm.l(sin_i.o)
    0x0800d960   0x0800d960   0x00000030   Code   RO         7120    i.__mathlib_dbl_divzero  m_wm.l(dunder.o)
    0x0800d990   0x0800d990   0x00000014   Code   RO         7121    i.__mathlib_dbl_infnan  m_wm.l(dunder.o)
    0x0800d9a4   0x0800d9a4   0x00000014   Code   RO         7122    i.__mathlib_dbl_infnan2  m_wm.l(dunder.o)
    0x0800d9b8   0x0800d9b8   0x00000020   Code   RO         7123    i.__mathlib_dbl_invalid  m_wm.l(dunder.o)
    0x0800d9d8   0x0800d9d8   0x00000020   Code   RO         7124    i.__mathlib_dbl_overflow  m_wm.l(dunder.o)
    0x0800d9f8   0x0800d9f8   0x00000020   Code   RO         7126    i.__mathlib_dbl_underflow  m_wm.l(dunder.o)
    0x0800da18   0x0800da18   0x0000000e   Code   RO         6929    i._is_digit         c_w.l(__printf_wp.o)
    0x0800da26   0x0800da26   0x00000004   Code   RO         4569    i._sys_exit         uart.o
    0x0800da2a   0x0800da2a   0x00000002   PAD
    0x0800da2c   0x0800da2c   0x000000c0   Code   RO         5465    i.accel_self_test   inv_mpu.o
    0x0800daec   0x0800daec   0x00000018   Code   RO         4678    i.calc_OutHZarr     dac.o
    0x0800db04   0x0800db04   0x00000014   Code   RO         4964    i.delay_init        delay.o
    0x0800db18   0x0800db18   0x00000018   Code   RO         4965    i.delay_ms          delay.o
    0x0800db30   0x0800db30   0x00000048   Code   RO         4966    i.delay_us          delay.o
    0x0800db78   0x0800db78   0x0000003c   Code   RO         5812    i.dmp_enable_6x_lp_quat  inv_mpu_dmp_motion_driver.o
    0x0800dbb4   0x0800dbb4   0x0000021c   Code   RO         5813    i.dmp_enable_feature  inv_mpu_dmp_motion_driver.o
    0x0800ddd0   0x0800ddd0   0x00000058   Code   RO         5814    i.dmp_enable_gyro_cal  inv_mpu_dmp_motion_driver.o
    0x0800de28   0x0800de28   0x0000003c   Code   RO         5815    i.dmp_enable_lp_quat  inv_mpu_dmp_motion_driver.o
    0x0800de64   0x0800de64   0x00000018   Code   RO         5820    i.dmp_load_motion_driver_firmware  inv_mpu_dmp_motion_driver.o
    0x0800de7c   0x0800de7c   0x00000130   Code   RO         5824    i.dmp_set_accel_bias  inv_mpu_dmp_motion_driver.o
    0x0800dfac   0x0800dfac   0x00000070   Code   RO         5825    i.dmp_set_fifo_rate  inv_mpu_dmp_motion_driver.o
    0x0800e01c   0x0800e01c   0x00000130   Code   RO         5826    i.dmp_set_gyro_bias  inv_mpu_dmp_motion_driver.o
    0x0800e14c   0x0800e14c   0x00000138   Code   RO         5828    i.dmp_set_orientation  inv_mpu_dmp_motion_driver.o
    0x0800e284   0x0800e284   0x00000038   Code   RO         5831    i.dmp_set_shake_reject_thresh  inv_mpu_dmp_motion_driver.o
    0x0800e2bc   0x0800e2bc   0x00000026   Code   RO         5832    i.dmp_set_shake_reject_time  inv_mpu_dmp_motion_driver.o
    0x0800e2e2   0x0800e2e2   0x00000026   Code   RO         5833    i.dmp_set_shake_reject_timeout  inv_mpu_dmp_motion_driver.o
    0x0800e308   0x0800e308   0x00000046   Code   RO         5834    i.dmp_set_tap_axes  inv_mpu_dmp_motion_driver.o
    0x0800e34e   0x0800e34e   0x00000026   Code   RO         5835    i.dmp_set_tap_count  inv_mpu_dmp_motion_driver.o
    0x0800e374   0x0800e374   0x000001c0   Code   RO         5836    i.dmp_set_tap_thresh  inv_mpu_dmp_motion_driver.o
    0x0800e534   0x0800e534   0x00000026   Code   RO         5837    i.dmp_set_tap_time  inv_mpu_dmp_motion_driver.o
    0x0800e55a   0x0800e55a   0x00000026   Code   RO         5838    i.dmp_set_tap_time_multi  inv_mpu_dmp_motion_driver.o
    0x0800e580   0x0800e580   0x00000018   Code   RO         7136    i.fabs              m_wm.l(fabs.o)
    0x0800e598   0x0800e598   0x00000006   Code   RO         4570    i.fputc             uart.o
    0x0800e59e   0x0800e59e   0x00000002   PAD
    0x0800e5a0   0x0800e5a0   0x000000d0   Code   RO         5466    i.get_accel_prod_shift  inv_mpu.o
    0x0800e670   0x0800e670   0x00000470   Code   RO         5467    i.get_st_biases     inv_mpu.o
    0x0800eae0   0x0800eae0   0x0000011c   Code   RO         5468    i.gyro_self_test    inv_mpu.o
    0x0800ebfc   0x0800ebfc   0x00000028   Code   RO         5469    i.inv_orientation_matrix_to_scalar  inv_mpu.o
    0x0800ec24   0x0800ec24   0x0000004e   Code   RO         5470    i.inv_row_2_scale   inv_mpu.o
    0x0800ec72   0x0800ec72   0x00000014   Code   RO            5    i.main              main.o
    0x0800ec86   0x0800ec86   0x00000002   PAD
    0x0800ec88   0x0800ec88   0x00000070   Code   RO         5472    i.mpu_configure_fifo  inv_mpu.o
    0x0800ecf8   0x0800ecf8   0x0000009c   Code   RO         5474    i.mpu_dmp_init      inv_mpu.o
    0x0800ed94   0x0800ed94   0x0000004c   Code   RO         5475    i.mpu_get_accel_fsr  inv_mpu.o
    0x0800ede0   0x0800ede0   0x00000054   Code   RO         5477    i.mpu_get_accel_sens  inv_mpu.o
    0x0800ee34   0x0800ee34   0x00000010   Code   RO         5482    i.mpu_get_fifo_config  inv_mpu.o
    0x0800ee44   0x0800ee44   0x00000044   Code   RO         5483    i.mpu_get_gyro_fsr  inv_mpu.o
    0x0800ee88   0x0800ee88   0x00000060   Code   RO         5485    i.mpu_get_gyro_sens  inv_mpu.o
    0x0800eee8   0x0800eee8   0x00000050   Code   RO         5487    i.mpu_get_lpf       inv_mpu.o
    0x0800ef38   0x0800ef38   0x00000020   Code   RO         5489    i.mpu_get_sample_rate  inv_mpu.o
    0x0800ef58   0x0800ef58   0x000001f0   Code   RO         5491    i.mpu_init          inv_mpu.o
    0x0800f148   0x0800f148   0x000000b8   Code   RO         5492    i.mpu_load_firmware  inv_mpu.o
    0x0800f200   0x0800f200   0x000000e0   Code   RO         5493    i.mpu_lp_accel_mode  inv_mpu.o
    0x0800f2e0   0x0800f2e0   0x00000080   Code   RO         5497    i.mpu_read_mem      inv_mpu.o
    0x0800f360   0x0800f360   0x000001c8   Code   RO         5500    i.mpu_reset_fifo    inv_mpu.o
    0x0800f528   0x0800f528   0x0000011c   Code   RO         5501    i.mpu_run_self_test  inv_mpu.o
    0x0800f644   0x0800f644   0x00000084   Code   RO         5503    i.mpu_set_accel_fsr  inv_mpu.o
    0x0800f6c8   0x0800f6c8   0x0000014c   Code   RO         5504    i.mpu_set_bypass    inv_mpu.o
    0x0800f814   0x0800f814   0x00000090   Code   RO         5506    i.mpu_set_dmp_state  inv_mpu.o
    0x0800f8a4   0x0800f8a4   0x00000088   Code   RO         5507    i.mpu_set_gyro_fsr  inv_mpu.o
    0x0800f92c   0x0800f92c   0x0000006c   Code   RO         5508    i.mpu_set_int_latched  inv_mpu.o
    0x0800f998   0x0800f998   0x00000084   Code   RO         5510    i.mpu_set_lpf       inv_mpu.o
    0x0800fa1c   0x0800fa1c   0x0000009c   Code   RO         5511    i.mpu_set_sample_rate  inv_mpu.o
    0x0800fab8   0x0800fab8   0x000000d0   Code   RO         5512    i.mpu_set_sensors   inv_mpu.o
    0x0800fb88   0x0800fb88   0x00000080   Code   RO         5513    i.mpu_write_mem     inv_mpu.o
    0x0800fc08   0x0800fc08   0x00000028   Code   RO         4079    i.position1         smg.o
    0x0800fc30   0x0800fc30   0x00000024   Code   RO         4080    i.position2         smg.o
    0x0800fc54   0x0800fc54   0x00000024   Code   RO         4081    i.position3         smg.o
    0x0800fc78   0x0800fc78   0x00000028   Code   RO         4082    i.position4         smg.o
    0x0800fca0   0x0800fca0   0x0000009a   Code   RO         5514    i.run_self_test     inv_mpu.o
    0x0800fd3a   0x0800fd3a   0x00000002   PAD
    0x0800fd3c   0x0800fd3c   0x00000090   Code   RO         5515    i.set_int_enable    inv_mpu.o
    0x0800fdcc   0x0800fdcc   0x0000006e   Code   RO         7061    i.sqrt              m_wm.l(sqrt.o)
    0x0800fe3a   0x0800fe3a   0x00000002   PAD
    0x0800fe3c   0x0800fe3c   0x0000065c   Code   RO         4679    i.wave_gen          dac.o
    0x08010498   0x08010498   0x0000002c   Code   RO         7221    locale$$code        c_w.l(lc_numeric_c.o)
    0x080104c4   0x080104c4   0x0000002c   Code   RO         7235    locale$$code        c_w.l(lc_ctype_c.o)
    0x080104f0   0x080104f0   0x00000018   Code   RO         7100    x$fpl$basic         fz_wm.l(basic.o)
    0x08010508   0x08010508   0x00000062   Code   RO         6959    x$fpl$d2f           fz_wm.l(d2f.o)
    0x0801056a   0x0801056a   0x00000002   PAD
    0x0801056c   0x0801056c   0x00000150   Code   RO         6961    x$fpl$dadd          fz_wm.l(daddsub_clz.o)
    0x080106bc   0x080106bc   0x00000010   Code   RO         7223    x$fpl$dcheck1       fz_wm.l(dcheck1.o)
    0x080106cc   0x080106cc   0x00000018   Code   RO         7225    x$fpl$dcmpinf       fz_wm.l(dcmpi.o)
    0x080106e4   0x080106e4   0x000002b0   Code   RO         6968    x$fpl$ddiv          fz_wm.l(ddiv.o)
    0x08010994   0x08010994   0x0000005e   Code   RO         6971    x$fpl$dfix          fz_wm.l(dfix.o)
    0x080109f2   0x080109f2   0x00000002   PAD
    0x080109f4   0x080109f4   0x0000005a   Code   RO         6975    x$fpl$dfixu         fz_wm.l(dfixu.o)
    0x08010a4e   0x08010a4e   0x0000002e   Code   RO         6980    x$fpl$dflt          fz_wm.l(dflt_clz.o)
    0x08010a7c   0x08010a7c   0x00000026   Code   RO         6979    x$fpl$dfltu         fz_wm.l(dflt_clz.o)
    0x08010aa2   0x08010aa2   0x00000002   PAD
    0x08010aa4   0x08010aa4   0x00000078   Code   RO         7102    x$fpl$dleqf         fz_wm.l(dleqf.o)
    0x08010b1c   0x08010b1c   0x00000154   Code   RO         6985    x$fpl$dmul          fz_wm.l(dmul.o)
    0x08010c70   0x08010c70   0x0000009c   Code   RO         7104    x$fpl$dnaninf       fz_wm.l(dnaninf.o)
    0x08010d0c   0x08010d0c   0x0000000c   Code   RO         7106    x$fpl$dretinf       fz_wm.l(dretinf.o)
    0x08010d18   0x08010d18   0x0000006c   Code   RO         6987    x$fpl$drleqf        fz_wm.l(drleqf.o)
    0x08010d84   0x08010d84   0x00000016   Code   RO         6962    x$fpl$drsb          fz_wm.l(daddsub_clz.o)
    0x08010d9a   0x08010d9a   0x00000002   PAD
    0x08010d9c   0x08010d9c   0x00000198   Code   RO         7108    x$fpl$dsqrt         fz_wm.l(dsqrt_umaal.o)
    0x08010f34   0x08010f34   0x000001d4   Code   RO         6963    x$fpl$dsub          fz_wm.l(daddsub_clz.o)
    0x08011108   0x08011108   0x00000056   Code   RO         6989    x$fpl$f2d           fz_wm.l(f2d.o)
    0x0801115e   0x0801115e   0x0000008c   Code   RO         7110    x$fpl$fnaninf       fz_wm.l(fnaninf.o)
    0x080111ea   0x080111ea   0x0000000a   Code   RO         7308    x$fpl$fpinit        fz_wm.l(fpinit.o)
    0x080111f4   0x080111f4   0x0000000a   Code   RO         7112    x$fpl$fretinf       fz_wm.l(fretinf.o)
    0x080111fe   0x080111fe   0x00000004   Code   RO         6991    x$fpl$printf1       fz_wm.l(printf1.o)
    0x08011202   0x08011202   0x00000064   Code   RO         7296    x$fpl$retnan        fz_wm.l(retnan.o)
    0x08011266   0x08011266   0x0000005c   Code   RO         7114    x$fpl$scalbn        fz_wm.l(scalbn.o)
    0x080112c2   0x080112c2   0x00000030   Code   RO         7310    x$fpl$trapveneer    fz_wm.l(trapv.o)
    0x080112f2   0x080112f2   0x00000000   Code   RO         7116    x$fpl$usenofp       fz_wm.l(usenofp.o)
    0x080112f2   0x080112f2   0x00000018   Data   RO          577    .constdata          system_stm32f4xx.o
    0x0801130a   0x0801130a   0x00000008   Data   RO         1665    .constdata          stm32f4xx_hal_dma.o
    0x08011312   0x08011312   0x00002136   Data   RO         3911    .constdata          oled.o
    0x08013448   0x08013448   0x00000050   Data   RO         5517    .constdata          inv_mpu.o
    0x08013498   0x08013498   0x00000bf6   Data   RO         5840    .constdata          inv_mpu_dmp_motion_driver.o
    0x0801408e   0x0801408e   0x00000002   PAD
    0x08014090   0x08014090   0x00000008   Data   RO         6890    .constdata          c_w.l(_printf_wctomb.o)
    0x08014098   0x08014098   0x00000028   Data   RO         6902    .constdata          c_w.l(_printf_hex_int.o)
    0x080140c0   0x080140c0   0x00000011   Data   RO         6937    .constdata          c_w.l(__printf_flags_ss_wp.o)
    0x080140d1   0x080140d1   0x00000007   PAD
    0x080140d8   0x080140d8   0x00000098   Data   RO         7010    .constdata          m_wm.l(atan.o)
    0x08014170   0x08014170   0x00000088   Data   RO         7036    .constdata          m_wm.l(pow.o)
    0x080141f8   0x080141f8   0x00000030   Data   RO         7118    .constdata          m_wm.l(cos_i.o)
    0x08014228   0x08014228   0x00000008   Data   RO         7144    .constdata          m_wm.l(qnan.o)
    0x08014230   0x08014230   0x000000c8   Data   RO         7147    .constdata          m_wm.l(rred.o)
    0x080142f8   0x080142f8   0x00000028   Data   RO         7151    .constdata          m_wm.l(sin_i.o)
    0x08014320   0x08014320   0x00000094   Data   RO         7192    .constdata          c_w.l(bigflt0.o)
    0x080143b4   0x080143b4   0x00000005   Data   RO          701    .conststring        mygui_func.o
    0x080143b9   0x080143b9   0x00000003   PAD
    0x080143bc   0x080143bc   0x0000004d   Data   RO         5518    .conststring        inv_mpu.o
    0x08014409   0x08014409   0x00000003   PAD
    0x0801440c   0x0801440c   0x00000020   Data   RO         7375    Region$$Table       anon$$obj.o
    0x0801442c   0x0801442c   0x0000001c   Data   RO         7220    locale$$data        c_w.l(lc_numeric_c.o)
    0x08014448   0x08014448   0x00000110   Data   RO         7234    locale$$data        c_w.l(lc_ctype_c.o)


    Execution Region RW_IRAM1 (Exec base: 0x20000000, Load base: 0x08014558, Size: 0x00004eb8, Max: 0x00020000, ABSOLUTE, COMPRESSED[0x00000574])

    Exec Addr    Load Addr    Size         Type   Attr      Idx    E Section Name        Object

    0x20000000   COMPRESSED   0x00000004   Data   RW          578    .data               system_stm32f4xx.o
    0x20000004   COMPRESSED   0x00000434   Data   RW          616    .data               mygui.o
    0x20000438   COMPRESSED   0x0000044c   Data   RW          702    .data               mygui_func.o
    0x20000884   COMPRESSED   0x00000009   Data   RW          844    .data               stm32f4xx_hal.o
    0x2000088d   COMPRESSED   0x0000001c   Data   RW         4017    .data               rgb.o
    0x200008a9   COMPRESSED   0x00000001   PAD
    0x200008aa   COMPRESSED   0x0000001f   Data   RW         4084    .data               smg.o
    0x200008c9   COMPRESSED   0x00000001   PAD
    0x200008ca   COMPRESSED   0x00000006   Data   RW         4213    .data               bh1750.o
    0x200008d0   COMPRESSED   0x00000011   Data   RW         4393    .data               ultrasonic.o
    0x200008e1   COMPRESSED   0x00000001   Data   RW         4475    .data               key.o
    0x200008e2   COMPRESSED   0x00000002   PAD
    0x200008e4   COMPRESSED   0x00000004   Data   RW         4513    .data               ec11.o
    0x200008e8   COMPRESSED   0x00000008   Data   RW         4572    .data               uart.o
    0x200008f0   COMPRESSED   0x00000001   Data   RW         4910    .data               time.o
    0x200008f1   COMPRESSED   0x00000003   PAD
    0x200008f4   COMPRESSED   0x00000004   Data   RW         4967    .data               delay.o
    0x200008f8   COMPRESSED   0x00000010   Data   RW         5328    .data               hx711.o
    0x20000908   COMPRESSED   0x00000035   Data   RW         5519    .data               inv_mpu.o
    0x2000093d   COMPRESSED   0x0000002a   Data   RW         6245    .data               rc522.o
    0x20000967   COMPRESSED   0x00000001   PAD
    0x20000968   COMPRESSED   0x00000011   Data   RW         6429    .data               hmc5883l.o
    0x20000979   COMPRESSED   0x00000003   PAD
    0x2000097c        -       0x00001600   Zero   RW          700    .bss                mygui_func.o
    0x20001f7c        -       0x00000040   Zero   RW         4016    .bss                rgb.o
    0x20001fbc        -       0x00000040   Zero   RW         4083    .bss                smg.o
    0x20001ffc        -       0x00000054   Zero   RW         4392    .bss                ultrasonic.o
    0x20002050        -       0x00000089   Zero   RW         4571    .bss                uart.o
    0x200020d9   COMPRESSED   0x00000003   PAD
    0x200020dc        -       0x000000dc   Zero   RW         4680    .bss                dac.o
    0x200021b8        -       0x00000060   Zero   RW         4771    .bss                dma.o
    0x20002218        -       0x00000158   Zero   RW         4817    .bss                adc.o
    0x20002370        -       0x000000c0   Zero   RW         4909    .bss                time.o
    0x20002430        -       0x00000048   Zero   RW         5278    .bss                gp2y0a21.o
    0x20002478        -       0x00000010   Zero   RW         5839    .bss                inv_mpu_dmp_motion_driver.o
    0x20002488        -       0x00000095   Zero   RW         6244    .bss                rc522.o
    0x2000251d   COMPRESSED   0x00000003   PAD
    0x20002520        -       0x00002338   Zero   RW         6801    .bss                voltage.o
    0x20004858        -       0x00000060   Zero   RW         7230    .bss                c_w.l(libspace.o)
    0x200048b8        -       0x00000200   Zero   RW          808    HEAP                startup_stm32f407xx.o
    0x20004ab8        -       0x00000400   Zero   RW          807    STACK               startup_stm32f407xx.o


==============================================================================

Image component sizes


      Code (inc. data)   RO Data    RW Data    ZI Data      Debug   Object Name

       534         78          0          0        344       4327   adc.o
       902         12          0          0          0       4176   adxl345.o
        96         16          0          0          0       1252   bee.o
       880        116          0          6          0       7858   bh1750.o
      1926        176          0          0        220       5614   dac.o
       116          8          0          4          0       1839   delay.o
       434         36          0          0          0       3852   dht11.o
       164         18          0          0         96       1186   dma.o
       654         68          0          0          0       5108   ds18b20.o
       196         26          0          4          0       1604   ec11.o
       538         76          0          0         72       3544   gp2y0a21.o
       826        114          0         17          0       6884   hmc5883l.o
       368         48          0         16          0       2440   hx711.o
       108          0          0          0          0        623   init.o
      6204        298        157         53          0      28932   inv_mpu.o
      2568        128       3062          0         16      18790   inv_mpu_dmp_motion_driver.o
       384         36          0          1          0       1662   key.o
        72         10          0          0          0        795   led.o
        76          0          0          0          0      80811   main.o
      1018         90          0          0          0       7289   mlx90614.o
       688          0          0          0          0       6899   mpu6050.o
       846        148          0          0          0       5791   mriic.o
       776        132          0          0          0       4734   my_iic.o
      1360        104          0       1076          0       6604   mygui.o
     10964       2076          5       1100       5632      17411   mygui_func.o
      1644         62       8502          0          0       9617   oled.o
      1732         26          0         42        149      16209   rc522.o
       376         64          0         28         64       3770   rgb.o
       122         14          0          0          0       1664   rng.o
      1102         90          0          0          0       8611   rtc.o
       260         34          0          0          0       3988   sk6812.o
      2170        184          0         31         64       8346   smg.o
        64         26        392          0       1536        808   startup_stm32f407xx.o
       172         34          0          9          0       3992   stm32f4xx_hal.o
      1370         54          0          0          0       4646   stm32f4xx_hal_adc.o
       344         22          0          0          0      34493   stm32f4xx_hal_cortex.o
       520         26          0          0          0       6911   stm32f4xx_hal_dac.o
        64          0          0          0          0       3581   stm32f4xx_hal_dac_ex.o
       812         10          8          0          0       5286   stm32f4xx_hal_dma.o
       896         90          0          0          0       2881   stm32f4xx_hal_gpio.o
         2          0          0          0          0     628330   stm32f4xx_hal_msp.o
      1728         80          0          0          0       5056   stm32f4xx_hal_rcc.o
      1334         46          0          0          0      11894   stm32f4xx_hal_tim.o
        88          0          0          0          0       2153   stm32f4xx_hal_tim_ex.o
      2112         12          0          0          0       9469   stm32f4xx_hal_uart.o
        32          0          0          0          0       3802   stm32f4xx_it.o
       204         14          0          0          0       1179   sys.o
       100         18         24          4          0       1011   system_stm32f4xx.o
       564         58          0          1        192       3703   time.o
      1062         72          0          8        137       7627   uart.o
       628        114          0         17         84       5802   ultrasonic.o
      1252         30          0          0       9016       5982   voltage.o

    ----------------------------------------------------------------------
     53510       4994      12190       2428      17628    1030836   Object Totals
         0          0         32          0          0          0   (incl. Generated)
        58          0          8         11          6          0   (incl. Padding)

    ----------------------------------------------------------------------

      Code (inc. data)   RO Data    RW Data    ZI Data      Debug   Library Member Name

        90          0          0          0          0          0   __dczerorl2.o
         8          0          0          0          0         68   __main.o
       392          4         17          0          0         92   __printf_flags_ss_wp.o
        14          0          0          0          0         68   __printf_wp.o
         0          0          0          0          0          0   __rtentry.o
        12          0          0          0          0          0   __rtentry2.o
         6          0          0          0          0          0   __rtentry4.o
        52          8          0          0          0          0   __scatter.o
        28          0          0          0          0          0   __scatter_zi.o
         6          0          0          0          0          0   _printf_c.o
        44          0          0          0          0        108   _printf_char.o
        48          6          0          0          0         96   _printf_char_common.o
        36          4          0          0          0         80   _printf_char_file.o
         6          0          0          0          0          0   _printf_d.o
       120         16          0          0          0         92   _printf_dec.o
         6          0          0          0          0          0   _printf_f.o
      1054          0          0          0          0        216   _printf_fp_dec.o
       128         16          0          0          0         84   _printf_fp_infnan.o
        88          4         40          0          0         88   _printf_hex_int.o
         6          0          0          0          0          0   _printf_i.o
       178          0          0          0          0         88   _printf_intcommon.o
        10          0          0          0          0          0   _printf_l.o
         6          0          0          0          0          0   _printf_lc.o
         6          0          0          0          0          0   _printf_o.o
        80          8          0          0          0         88   _printf_oct_int.o
        78          0          0          0          0        108   _printf_pad.o
         0          0          0          0          0          0   _printf_percent.o
         4          0          0          0          0          0   _printf_percent_end.o
         6          0          0          0          0          0   _printf_s.o
        82          0          0          0          0         80   _printf_str.o
        36          0          0          0          0         84   _printf_truncate.o
         6          0          0          0          0          0   _printf_u.o
        44          0          0          0          0        108   _printf_wchar.o
       188          6          8          0          0         92   _printf_wctomb.o
         6          0          0          0          0          0   _printf_x.o
        22          0          0          0          0        100   _rserrno.o
        10          0          0          0          0         68   _sputc.o
        64          0          0          0          0         92   _wcrtomb.o
        16          0          0          0          0         68   aeabi_memset.o
       228          4        148          0          0         96   bigflt0.o
      1936        128          0          0          0        672   btod.o
        18          0          0          0          0         80   exit.o
         8          0          0          0          0         68   ferror.o
         6          0          0          0          0        152   heapauxi.o
        44         10        272          0          0         76   lc_ctype_c.o
        44         10         28          0          0         76   lc_numeric_c.o
         2          0          0          0          0          0   libinit.o
        34          0          0          0          0          0   libinit2.o
         2          0          0          0          0          0   libshutdown.o
         2          0          0          0          0          0   libshutdown2.o
         8          4          0          0         96         68   libspace.o
        72          0          0          0          0         76   llsdiv.o
       138          0          0          0          0         80   lludiv10.o
       238          0          0          0          0        100   lludivv7m.o
        88          0          0          0          0         76   memcmp.o
        24          4          0          0          0         84   noretval__2printf.o
        40          6          0          0          0         84   noretval__2sprintf.o
        16          4          0          0          0         76   rt_ctype_table.o
         8          4          0          0          0         68   rt_errno_addr_intlibspace.o
         8          4          0          0          0         68   rt_locale_intlibspace.o
        68          0          0          0          0         68   rt_memclr.o
        78          0          0          0          0         80   rt_memclr_w.o
         2          0          0          0          0          0   rtexit.o
        10          0          0          0          0          0   rtexit2.o
       128          0          0          0          0         68   strcmpv7m.o
        74          0          0          0          0         80   sys_stackheap_outer.o
         2          0          0          0          0         68   use_no_semi.o
         2          0          0          0          0         68   use_no_semi_2.o
        24          0          0          0          0        164   basic.o
        98          4          0          0          0        140   d2f.o
       826         16          0          0          0        492   daddsub_clz.o
        16          4          0          0          0        116   dcheck1.o
        24          0          0          0          0        116   dcmpi.o
       688        140          0          0          0        256   ddiv.o
        94          4          0          0          0        140   dfix.o
        90          4          0          0          0        140   dfixu.o
        84          0          0          0          0        232   dflt_clz.o
       120          4          0          0          0        140   dleqf.o
       340         12          0          0          0        152   dmul.o
       156          4          0          0          0        140   dnaninf.o
        12          0          0          0          0        116   dretinf.o
       108          0          0          0          0        128   drleqf.o
       408         56          0          0          0        168   dsqrt_umaal.o
        86          4          0          0          0        132   f2d.o
       140          4          0          0          0        132   fnaninf.o
        10          0          0          0          0        116   fpinit.o
        10          0          0          0          0        116   fretinf.o
         4          0          0          0          0        116   printf1.o
       100          0          0          0          0        116   retnan.o
        92          0          0          0          0        116   scalbn.o
        48          0          0          0          0        116   trapv.o
         0          0          0          0          0          0   usenofp.o
       728        106        152          0          0        228   atan.o
       368         46         48          0          0        200   cos_i.o
       184         44          0          0          0        744   dunder.o
        24          0          0          0          0        124   fabs.o
        48          0          0          0          0        124   fpclassify.o
       248          0          0          0          0        152   poly.o
      3152        296        136          0          0        352   pow.o
         0          0          8          0          0          0   qnan.o
      1080        142        200          0          0        188   rred.o
       200         20          0          0          0        164   sin.o
       304         24         40          0          0        208   sin_i.o
       232          0          0          0          0        296   sqrt.o

    ----------------------------------------------------------------------
     16484       1184       1104          0         96      10780   Library Totals
        24          0          7          0          0          0   (incl. Padding)

    ----------------------------------------------------------------------

      Code (inc. data)   RO Data    RW Data    ZI Data      Debug   Library Name

      6314        250        513          0         96       4400   c_w.l
      3578        256          0          0          0       3600   fz_wm.l
      6568        678        584          0          0       2780   m_wm.l

    ----------------------------------------------------------------------
     16484       1184       1104          0         96      10780   Library Totals

    ----------------------------------------------------------------------

==============================================================================


      Code (inc. data)   RO Data    RW Data    ZI Data      Debug   

     69994       6178      13294       2428      17724     996520   Grand Totals
     69994       6178      13294       1396      17724     996520   ELF Image Totals (compressed)
     69994       6178      13294       1396          0          0   ROM Totals

==============================================================================

    Total RO  Size (Code + RO Data)                83288 (  81.34kB)
    Total RW  Size (RW Data + ZI Data)             20152 (  19.68kB)
    Total ROM Size (Code + RO Data + RW Data)      84684 (  82.70kB)

==============================================================================

