<html>
<body>
<pre>
<h1>µVision Build Log</h1>
<h2>Tool Versions:</h2>
IDE-Version: ¦ÌVision V5.27.0.0
Copyright (C) 2018 ARM Ltd and ARM Germany GmbH. All rights reserved.
License Information: 1 lengdongwl@outlook.com, 1, LIC=SDA0P-MM9GX-9UT4U-SEMPH-8NH00-B4ANV
 
Tool Versions:
Toolchain:       MDK-ARM Plus  Version: 5.27.0.0
Toolchain Path:  d:\Keil_v5\ARM\ARMCC\Bin
C Compiler:      Armcc.exe V5.06 update 6 (build 750)
Assembler:       Armasm.exe V5.06 update 6 (build 750)
Linker/Locator:  ArmLink.exe V5.06 update 6 (build 750)
Library Manager: ArmAr.exe V5.06 update 6 (build 750)
Hex Converter:   FromElf.exe V5.06 update 6 (build 750)
CPU DLL:         SARMCM3.DLL V5.27.0.0
Dialog DLL:      DARMSTM.DLL V1.68.0.0
Target DLL:      STLink\ST-LINKIII-KEIL_SWO.dll V3.0.5.0
Dialog DLL:      TCM.DLL V1.36.1.0
 
<h2>Project:</h2>
d:\MCU\DevelopV1.4\USER\Develop.uvprojx
Project File Date:  12/13/2021

<h2>Output:</h2>
*** Using Compiler 'V5.06 update 6 (build 750)', folder: 'd:\Keil_v5\ARM\ARMCC\Bin'
Build target 'Develop'
compiling MYGUI_FUNC.c...
..\HARDWARE\GUI\MYGUI.h(268): warning:  #1-D: last line of file ends without a newline
  */
..\EXTEND\RC522\rc522.h(174): warning:  #1295-D: Deprecated declaration RC_Get_buffer - give arg types
  uint8_t *RC_Get_buffer();
..\EXTEND\ADXL345\ADXL345.h(11): warning:  #1295-D: Deprecated declaration ADXL345_Init - give arg types
  u8 ADXL345_Init();
..\EXTEND\ADXL345\ADXL345.h(15): warning:  #1-D: last line of file ends without a newline
  #endif
..\HARDWARE\GUI\MYGUI_FUNC.c(1455): warning:  #188-D: enumerated type mixed with another type
          wave_gen(Buf_DAC_wavetype, 3300); //²¨ÐÎÉú³É
..\HARDWARE\GUI\MYGUI_FUNC.c: 5 warnings, 0 errors
linking...
Program Size: Code=69994 RO-data=13294 RW-data=2428 ZI-data=17724  
FromELF: creating hex file...
".\Objects\Develop.axf" - 0 Error(s), 5 Warning(s).

<h2>Software Packages used:</h2>

Package Vendor: Keil
                http://www.keil.com/pack/Keil.STM32F4xx_DFP.2.15.0.pack
                Keil.STM32F4xx_DFP.2.15.0
                STMicroelectronics STM32F4 Series Device Support, Drivers and Examples

<h2>Collection of Component include folders:</h2>
  .\RTE\_Develop
  d:\Keil_v5\ARM\PACK\Keil\STM32F4xx_DFP\2.15.0\Drivers\CMSIS\Device\ST\STM32F4xx\Include

<h2>Collection of Component Files used:</h2>
Build Time Elapsed:  00:00:05
</pre>
</body>
</html>
